******************************************************************************
              TMS320C55x Linker PC v4.4.1                      
******************************************************************************
>> Linked Tue Jul 24 02:19:16 2018

OUTPUT FILE NAME:   <dftlab3.out>
ENTRY POINT SYMBOL: "_c_int00"  address: 000059a7


MEMORY CONFIGURATION

         name            origin    length      used     unused   attr    fill
                        (bytes)   (bytes)    (bytes)   (bytes)
----------------------  --------  ---------  --------  --------  ----  --------
PAGE 0:
  MMR                   00000000   000000c0  00000000  000000c0  RWIX
  BTRSVD                000000c0   00000240  00000000  00000240  RWIX
  DARAM0                00000300   0000fb00  0000d7c7  00002339  RWIX
  VECS                  0000fe00   00000200  00000100  00000100  RWIX
  CE0                   00010000   003f0000  00000000  003f0000  RWIX
  CE1                   00400000   00400000  00000000  00400000  RWIX
  CE2                   00800000   00400000  00000000  00400000  RWIX
  CE3                   00c00000   003f8000  00000000  003f8000  RWIX
  PDROM                 00ff8000   00008000  00000000  00008000  R IX

PAGE 2:
  IOPORT                00000000   00020000  00000000  00020000  RWI 


SECTION ALLOCATION MAP
(Addresses surrounded by []'s are displayed for convenience only!)

output                                                          attributes/
section   page  orgn(bytes) orgn(words) len(bytes) len(words)   input sections
--------  ----  ----------- ----------- ---------- ----------   --------------
.pinit       0   [ 00000300 ]  00000180          *   00000000   UNINITIALIZED

.text        0     00000300  [ 00000180 ] 000057d5          *   
                   00000300  [ 00000180 ] 000015a4          *   rts55x.lib : _printfi.obj (.text)
                   000018a4  [ 00000c52 ] 00000dd1          *   main.obj (.text)
                   00002675  [ 0000133a+] 00000543          *   rts55x.lib : lowlev.obj (.text)
                   00002bb8  [ 000015dc ] 00000528          *              : trgdrv.obj (.text)
                   000030e0  [ 00001870 ] 000004b5          *              : memory.obj (.text)
                   00003595  [ 00001aca+] 000003cc          *              : divd.obj (.text)
                   00003961  [ 00001cb0+] 0000027f          *              : fopen.obj (.text)
                   00003be0  [ 00001df0 ] 0000025e          *              : llmpy.obj (.text)
                   00003e3e  [ 00001f1f ] 0000025a          *              : addd.obj (.text)
                   00004098  [ 0000204c ] 00000218          *              : cos.obj (.text)
                   000042b0  [ 00002158 ] 000001f2          *              : sin.obj (.text)
                   000044a2  [ 00002251 ] 000001ea          *              : cmpd.obj (.text)
                   0000468c  [ 00002346 ] 00000163          *              : fputs.obj (.text)
                   000047ef  [ 000023f7+] 0000014c          *              : mpyd.obj (.text)
                   0000493b  [ 0000249d+] 00000116          *              : sqrt.obj (.text)
                   00004a51  [ 00002528+] 000000f2          *              : ldexp.obj (.text)
                   00004b43  [ 000025a1+] 000000e6          *              : setvbuf.obj (.text)
                   00004c29  [ 00002614+] 000000dd          *              : _io_perm.obj (.text)
                   00004d06  [ 00002683 ] 000000cc          *              : frexp.obj (.text)
                   00004dd2  [ 000026e9 ] 000000c2          *              : fflush.obj (.text)
                   00004e94  [ 0000274a ] 000000bf          *              : modf.obj (.text)
                   00004f53  [ 000027a9+] 000000ba          *              : trgmsg.obj (.text:CIO_breakpoint)
                   0000500d  [ 00002806+] 000000a6          *              : fputc.obj (.text)
                   000050b3  [ 00002859+] 000000a1          *              : divul.obj (.text)
                   00005154  [ 000028aa ] 0000007d          *              : ltoa.obj (.text)
                   000051d1  [ 000028e8+] 0000007b          *              : fclose.obj (.text)
                   0000524c  [ 00002926 ] 00000077          *   55xdspx.lib : sine.obj (.text)
                   000052c3  [ 00002961+] 00000076          *   rts55x.lib : frcmpyd.obj (.text)
                   00005339  [ 0000299c+] 00000073          *              : frcmpyd_div.obj (.text)
                   000053ac  [ 000029d6 ] 00000072          *              : remul.obj (.text)
                   0000541e  [ 00002a0f ] 0000006f          *              : fixdli.obj (.text)
                   0000548d  [ 00002a46+] 0000006d          *              : trgmsg.obj (.text)
                   000054fa  [ 00002a7d ] 0000006b          *              : fseek.obj (.text)
                   00005565  [ 00002ab2+] 00000067          *              : fltlid.obj (.text)
                   000055cc  [ 00002ae6 ] 0000005f          *              : round.obj (.text)
                   0000562b  [ 00002b15+] 0000005d          *   55xdspx.lib : mul32.obj (.text)
                   00005688  [ 00002b44 ] 0000005c          *   rts55x.lib : atoi.obj (.text)
                   000056e4  [ 00002b72 ] 00000050          *              : printf.obj (.text)
                   00005734  [ 00002b9a ] 0000004d          *              : autoinit.obj (.text)
                   00005781  [ 00002bc0+] 0000004b          *              : args_main.obj (.text)
                   000057cc  [ 00002be6 ] 0000004b          *              : remli.obj (.text)
                   00005817  [ 00002c0b+] 00000048          *              : divli.obj (.text)
                   0000585f  [ 00002c2f+] 00000045          *   55xdspx.lib : add.obj (.text)
                   000058a4  [ 00002c52 ] 00000045          *               : sub.obj (.text)
                   000058e9  [ 00002c74+] 00000041          *   rts55x.lib : trunc.obj (.text)
                   0000592a  [ 00002c95 ] 0000003f          *              : memcpy.obj (.text)
                   00005969  [ 00002cb4+] 0000003e          *              : exit.obj (.text)
                   000059a7  [ 00002cd3+] 00000034          *              : boot.obj (.text)
                   000059db  [ 00002ced+] 0000002a          *              : fixdi.obj (.text)
                   00005a05  [ 00002d02+] 0000002a          *              : udiv.obj (.text)
                   00005a2f  [ 00002d17+] 00000023          *              : memccpy.obj (.text)
                   00005a52  [ 00002d29 ] 0000001a          *              : isinf.obj (.text)
                   00005a6c  [ 00002d36 ] 00000014          *              : subd.obj (.text)
                   00005a80  [ 00002d40 ] 00000013          *              : lmpy.obj (.text)
                   00005a93  [ 00002d49+] 00000012          *              : _lock.obj (.text)
                   00005aa5  [ 00002d52+] 00000010          *              : negd.obj (.text)
                   00005ab5  [ 00002d5a+] 0000000c          *              : fltid.obj (.text)
                   00005ac1  [ 00002d60+] 0000000a          *              : remove.obj (.text)
                   00005acb  [ 00002d65+] 00000007          *              : exit.obj (.text:CIO_breakpoint)
                   00005ad2  [ 00002d69 ] 00000002          *              : vectors.obj (.text)
                   00005ad4  [ 00002d6a ] 00000001          *   --HOLE-- [fill = 20]

.stack       0   [ 00005ad8 ]  00002d6c          *   00001000   UNINITIALIZED
                 [ 00005ad8 ]  00002d6c          *   00001000   --HOLE--

.sysmem      0   [ 00007ad8 ]  00003d6c          *   00001000   UNINITIALIZED
                 [ 00007ad8 ]  00003d6c          *   00001000   --HOLE--

.bss         0   [ 00009ad8 ]  00004d6c          *   00000b7c   UNINITIALIZED
                 [ 00009ad8 ]  00004d6c          *   00000902   main.obj (.bss)
                 [ 0000acdc ]  0000566e          *   00000119   rts55x.lib : defs.obj (.bss)
                 [ 0000af0e ]  00005787          *   000000d0              : trgdrv.obj (.bss)
                 [ 0000b0ae ]  00005857          *   00000001              : errno.obj (.bss)
                 [ 0000b0b0 ]  00005858          *   00000071              : lowlev.obj (.bss)
                 [ 0000b192 ]  000058c9          *   00000001              : fopen.obj (.bss)
                 [ 0000b194 ]  000058ca          *   00000008              : cos.obj (.bss)
                 [ 0000b1a4 ]  000058d2          *   00000008              : sin.obj (.bss)
                 [ 0000b1b4 ]  000058da          *   00000006              : memory.obj (.bss)
                 [ 0000b1c0 ]  000058e0          *   00000004              : _lock.obj (.bss)
                 [ 0000b1c8 ]  000058e4          *   00000004              : exit.obj (.bss)

.cinit       0   [ 0000b1d0 ]  000058e8          *   0000099c   
                 [ 0000b1d0 ]  000058e8          *   0000090e   main.obj (.cinit)
                 [ 0000c3ec ]  000061f6          *   0000002d   rts55x.lib : lowlev.obj (.cinit)
                 [ 0000c446 ]  00006223          *   0000002a              : defs.obj (.cinit)
                 [ 0000c49a ]  0000624d          *   0000000b              : cos.obj (.cinit)
                 [ 0000c4b0 ]  00006258          *   0000000b              : sin.obj (.cinit)
                 [ 0000c4c6 ]  00006263          *   0000000a              : _lock.obj (.cinit)
                 [ 0000c4da ]  0000626d          *   0000000a              : exit.obj (.cinit)
                 [ 0000c4ee ]  00006277          *   00000004              : errno.obj (.cinit)
                 [ 0000c4f6 ]  0000627b          *   00000004              : fopen.obj (.cinit)
                 [ 0000c4fe ]  0000627f          *   00000004              : memory.obj (.cinit)
                 [ 0000c506 ]  00006283          *   00000001   --HOLE-- [fill = 0]

.sysstack 
*            0   [ 0000c508 ]  00006284          *   00000800   UNINITIALIZED
                 [ 0000c508 ]  00006284          *   00000800   --HOLE--

.const.1     0   [ 0000d508 ]  00006a84          *   00000101   
                 [ 0000d508 ]  00006a84          *   00000101   rts55x.lib : ctype.obj (.const:__ctypes_)

.const.2     0   [ 0000d70c ]  00006b86          *   000000ba   
                 [ 0000d70c ]  00006b86          *   00000024   rts55x.lib : _printfi.obj (.const:.string)
                 [ 0000d754 ]  00006baa          *   0000001c   main.obj (.const:.string)
                 [ 0000d78c ]  00006bc6          *   00000016   rts55x.lib : cos.obj (.const)
                 [ 0000d7b8 ]  00006bdc          *   00000014              : sin.obj (.const)
                 [ 0000d7e0 ]  00006bf0          *   0000000c              : _printfi.obj (.const)
                 [ 0000d7f8 ]  00006bfc          *   0000000a   main.obj (.const)
                 [ 0000d80c ]  00006c06          *   0000000a   rts55x.lib : ldexp.obj (.const)
                 [ 0000d820 ]  00006c10          *   0000000a              : sqrt.obj (.const)
                 [ 0000d834 ]  00006c1a          *   00000008              : divd.obj (.const:_initial_approx$1)
                 [ 0000d844 ]  00006c22          *   00000008              : frexp.obj (.const)
                 [ 0000d854 ]  00006c2a          *   00000008              : round.obj (.const)
                 [ 0000d864 ]  00006c32          *   00000006              : modf.obj (.const)
                 [ 0000d870 ]  00006c38          *   00000004              : trunc.obj (.const)
                 [ 0000d878 ]  00006c3c          *   00000002              : fputs.obj (.const:.string)
                 [ 0000d87c ]  00006c3e          *   00000002              : fltlid.obj (.const)

.cio         0   [ 0000d880 ]  00006c40          *   00000120   UNINITIALIZED
                 [ 0000d880 ]  00006c40          *   00000120   rts55x.lib : trgmsg.obj (.cio)

.data        0   [ 0000dac0 ]  00006d60          *   00000006   
                 [ 0000dac0 ]  00006d60          *   00000006   55xdspx.lib : sine.obj (.data)

vectors      0     0000fe00  [ 00007f00 ] 00000100          *   
                   0000fe00  [ 00007f00 ] 00000100          *   rts55x.lib : vectors.obj (vectors)


GLOBAL SYMBOLS: SORTED ALPHABETICALLY BY Name 

abs. value/
byte addr   word addr   name
---------   ---------   ----
00000002                $TI_capability$C5500$CallingConvention
00000002                $TI_capability$C5500$MemoryModel
00000001                $TI_capability_requires_rev2
ffffffff                .bss
ffffffff                .data
ffffffff                .text
00005acc                C$$EXIT
00005008                C$$IO$$
00005a80                I$$LMPY
00005a05                I$$UDIV
00005a1a                I$$UMOD
00003082                _HOSTclock
00003017                _HOSTclose
00002f62                _HOSTlseek
00002ec3                _HOSTopen
00002e36                _HOSTread
00002d88                _HOSTrename
00002d2a                _HOSTtime
00002cc0                _HOSTunlink
00002c33                _HOSTwrite
0000fe00                _Reset
            00006c40    __CIOBUF_
            00003d6c    __STACK_END
00002000                __STACK_SIZE
00002000                __SYSMEM_SIZE
00001000                __SYSSTACK_SIZE
00000001                __TI_args_main
ffffffff                ___binit__
ffffffff                ___bss__
ffffffff                ___c_args__
            000058e8    ___cinit__
ffffffff                ___data__
ffffffff                ___edata__
ffffffff                ___end__
ffffffff                ___etext__
00005a52                ___isinf
ffffffff                ___pinit__
ffffffff                ___text__
00003e3e                __addd
00005781                __args_main
00003a82                __cleanup
            000058e4    __cleanup_ptr
00004634                __cmpd
            00006a84    __ctypes_
00003595                __divd
00005817                __divli
00003e09                __divlli
00005a05                __divu
000050b3                __divul
00003d15                __divull
00004dd2                __doflush
            000058e6    __dtors_ptr
00004600                __eqld
000059db                __fixdi
0000541e                __fixdli
00005ab5                __fltid
00005565                __fltlid
000052c3                __frcmpyd
00005339                __frcmpyd_div
            00005786    __ft_end
            0000566e    __ftable
000045b6                __geqd
0000456b                __gtrd
0000451e                __leqd
            000058e0    __lock
000044d6                __lssd
000047ef                __mpyd
00005a80                __mpyli
00003c5d                __mpylli
00005aa5                __negd
000044a2                __neqd
00005aa3                __nop
000055cc                __nround
00001662                __printfi
00004ca9                __rd_ok
00005a9b                __register_lock
00005a93                __register_unlock
000057cc                __remli
00003c2e                __remlli
00005a1a                __remu
000053ac                __remul
00003be0                __remull
            00002d6c    __stack
00005a6c                __subd
            00003d6c    __sys_memory
            00006284    __sysstack
            000056e6    __tmpnams
000058e9                __trunc
            000058e2    __unlock
00004c29                __wrt_ok
00005acb                _abort
00001e32                _absComplex
0000585f                _add
00002ac8                _add_device
00005688                _atoi
00005734                _auto_init
00001a5e                _bitReverse128
00002270                _bitReverse128Fixed
000059a7                _c_int00
0000356f                _calloc
00003567                _chkheap
00002a55                _close
00004098                _cos
000018d2                _dft
            00005857    _errno
00005969                _exit
00001e6b                _fastConvOverlapSave
000051d1                _fclose
00004e3b                _fflush
000024df                _fftFixedPoint
00001af1                _fftFrequencyDecimation
00001d58                _fftFrequencyDecimation128p
000022ff                _fftFrequencyDecimationFixed
            00004d6c    _filter
            00004e6c    _filterSize
00002a4c                _find_registered_device
00003ba5                _fopen
0000500d                _fputc
0000468c                _fputs
000030e0                _free
00003511                _free_memory
00003adc                _freopen
00004d06                _frexp
000054fa                _fseek
00002bb8                _getenv
00001a3a                _hardCopycdouble
00001dcb                _ifftFrequencyDecimation128p
00004a51                _ldexp
000029e6                _lseek
00005154                _ltoa
0000256f                _main
00003211                _malloc
000034b7                _max_free
00005a2f                _memccpy
0000592a                _memcpy
000031ac                _minit
00004e94                _modf
0000562b                _mul32
00002927                _open
000056e4                _printf
000021e1                _prodCompImFixed
0000216f                _prodCompReFixed
0000500d                _putc
000050a4                _putchar
000047c1                _puts
00002879                _read
0000548d                _readmsg
00003306                _realloc
00005ac1                _remove
00002843                _remove_device
000027ea                _rename
00004b43                _setvbuf
            00004e6e    _signal
            00004e6d    _signalSize
000042b0                _sin
0000524c                _sine
0000493b                _sqrt
000058a4                _sub
00002253                _sum
000027b7                _unlink
00002675                _write
00004f53                _writemsg
ffffffff                binit
            000058e8    cinit
ffffffff                edata
ffffffff                end
ffffffff                etext
ffffffff                pinit


GLOBAL SYMBOLS: SORTED BY Symbol Address 

abs. value/
byte addr   word addr   name
---------   ---------   ----
00000001                $TI_capability_requires_rev2
00000001                __TI_args_main
00000002                $TI_capability$C5500$CallingConvention
00000002                $TI_capability$C5500$MemoryModel
00001000                __SYSSTACK_SIZE
00001662                __printfi
000018d2                _dft
00001a3a                _hardCopycdouble
00001a5e                _bitReverse128
00001af1                _fftFrequencyDecimation
00001d58                _fftFrequencyDecimation128p
00001dcb                _ifftFrequencyDecimation128p
00001e32                _absComplex
00001e6b                _fastConvOverlapSave
00002000                __STACK_SIZE
00002000                __SYSMEM_SIZE
0000216f                _prodCompReFixed
000021e1                _prodCompImFixed
00002253                _sum
00002270                _bitReverse128Fixed
000022ff                _fftFrequencyDecimationFixed
000024df                _fftFixedPoint
0000256f                _main
00002675                _write
000027b7                _unlink
000027ea                _rename
00002843                _remove_device
00002879                _read
00002927                _open
000029e6                _lseek
00002a4c                _find_registered_device
00002a55                _close
00002ac8                _add_device
00002bb8                _getenv
00002c33                _HOSTwrite
00002cc0                _HOSTunlink
00002d2a                _HOSTtime
00002d88                _HOSTrename
00002e36                _HOSTread
00002ec3                _HOSTopen
00002f62                _HOSTlseek
00003017                _HOSTclose
00003082                _HOSTclock
000030e0                _free
000031ac                _minit
00003211                _malloc
00003306                _realloc
000034b7                _max_free
00003511                _free_memory
00003567                _chkheap
0000356f                _calloc
00003595                __divd
00003a82                __cleanup
00003adc                _freopen
00003ba5                _fopen
00003be0                __remull
00003c2e                __remlli
00003c5d                __mpylli
00003d15                __divull
00003e09                __divlli
00003e3e                __addd
00004098                _cos
000042b0                _sin
000044a2                __neqd
000044d6                __lssd
0000451e                __leqd
0000456b                __gtrd
000045b6                __geqd
00004600                __eqld
00004634                __cmpd
0000468c                _fputs
000047c1                _puts
000047ef                __mpyd
0000493b                _sqrt
00004a51                _ldexp
00004b43                _setvbuf
00004c29                __wrt_ok
00004ca9                __rd_ok
00004d06                _frexp
00004dd2                __doflush
00004e3b                _fflush
00004e94                _modf
00004f53                _writemsg
00005008                C$$IO$$
0000500d                _fputc
0000500d                _putc
000050a4                _putchar
000050b3                __divul
00005154                _ltoa
000051d1                _fclose
0000524c                _sine
000052c3                __frcmpyd
00005339                __frcmpyd_div
000053ac                __remul
0000541e                __fixdli
0000548d                _readmsg
000054fa                _fseek
00005565                __fltlid
000055cc                __nround
0000562b                _mul32
00005688                _atoi
000056e4                _printf
00005734                _auto_init
00005781                __args_main
000057cc                __remli
00005817                __divli
0000585f                _add
000058a4                _sub
000058e9                __trunc
0000592a                _memcpy
00005969                _exit
000059a7                _c_int00
000059db                __fixdi
00005a05                I$$UDIV
00005a05                __divu
00005a1a                I$$UMOD
00005a1a                __remu
00005a2f                _memccpy
00005a52                ___isinf
00005a6c                __subd
00005a80                I$$LMPY
00005a80                __mpyli
00005a93                __register_unlock
00005a9b                __register_lock
00005aa3                __nop
00005aa5                __negd
00005ab5                __fltid
00005ac1                _remove
00005acb                _abort
00005acc                C$$EXIT
            00002d6c    __stack
            00003d6c    __STACK_END
            00003d6c    __sys_memory
            00004d6c    _filter
            00004e6c    _filterSize
            00004e6d    _signalSize
            00004e6e    _signal
            0000566e    __ftable
            000056e6    __tmpnams
            00005786    __ft_end
            00005857    _errno
            000058e0    __lock
            000058e2    __unlock
            000058e4    __cleanup_ptr
            000058e6    __dtors_ptr
            000058e8    ___cinit__
            000058e8    cinit
            00006284    __sysstack
            00006a84    __ctypes_
            00006c40    __CIOBUF_
0000fe00                _Reset
ffffffff                .bss
ffffffff                .data
ffffffff                .text
ffffffff                ___binit__
ffffffff                ___bss__
ffffffff                ___c_args__
ffffffff                ___data__
ffffffff                ___edata__
ffffffff                ___end__
ffffffff                ___etext__
ffffffff                ___pinit__
ffffffff                ___text__
ffffffff                binit
ffffffff                edata
ffffffff                end
ffffffff                etext
ffffffff                pinit

[168 symbols]
