******************************************************************************
              TMS320C55x Linker PC v4.4.1                      
******************************************************************************
>> Linked Tue Jul 03 21:28:17 2018

OUTPUT FILE NAME:   <dftlab3.out>
ENTRY POINT SYMBOL: "_c_int00"  address: 00005060


MEMORY CONFIGURATION

         name            origin    length      used     unused   attr    fill
                        (bytes)   (bytes)    (bytes)   (bytes)
----------------------  --------  ---------  --------  --------  ----  --------
PAGE 0:
  MMR                   00000000   000000c0  00000000  000000c0  RWIX
  BTRSVD                000000c0   00000240  00000000  00000240  RWIX
  DARAM0                00000300   0000fb00  0000ac26  00004eda  RWIX
  VECS                  0000fe00   00000200  00000100  00000100  RWIX
  CE0                   00010000   003f0000  00000000  003f0000  RWIX
  CE1                   00400000   00400000  00000000  00400000  RWIX
  CE2                   00800000   00400000  00000000  00400000  RWIX
  CE3                   00c00000   003f8000  00000000  003f8000  RWIX
  PDROM                 00ff8000   00008000  00000000  00008000  R IX

PAGE 2:
  IOPORT                00000000   00020000  00000000  00020000  RWI 


SECTION ALLOCATION MAP
(Addresses surrounded by []'s are displayed for convenience only!)

output                                                          attributes/
section   page  orgn(bytes) orgn(words) len(bytes) len(words)   input sections
--------  ----  ----------- ----------- ---------- ----------   --------------
.pinit       0   [ 00000300 ]  00000180          *   00000000   UNINITIALIZED

.data        0   [ 00000300 ]  00000180          *   00000000   UNINITIALIZED

.text        0     00000300  [ 00000180 ] 00004e8e          *   
                   00000300  [ 00000180 ] 000015a4          *   rts55x.lib : _printfi.obj (.text)
                   000018a4  [ 00000c52 ] 000005e8          *   main.obj (.text)
                   00001e8c  [ 00000f46 ] 00000543          *   rts55x.lib : lowlev.obj (.text)
                   000023cf  [ 000011e7+] 00000528          *              : trgdrv.obj (.text)
                   000028f7  [ 0000147b+] 000004b5          *              : memory.obj (.text)
                   00002dac  [ 000016d6 ] 000003cc          *              : divd.obj (.text)
                   00003178  [ 000018bc ] 0000027f          *              : fopen.obj (.text)
                   000033f7  [ 000019fb+] 0000025e          *              : llmpy.obj (.text)
                   00003655  [ 00001b2a+] 0000025a          *              : addd.obj (.text)
                   000038af  [ 00001c57+] 00000218          *              : cos.obj (.text)
                   00003ac7  [ 00001d63+] 000001f2          *              : sin.obj (.text)
                   00003cb9  [ 00001e5c+] 000001ea          *              : cmpd.obj (.text)
                   00003ea3  [ 00001f51+] 00000163          *              : fputs.obj (.text)
                   00004006  [ 00002003 ] 0000014c          *              : mpyd.obj (.text)
                   00004152  [ 000020a9 ] 00000116          *              : sqrt.obj (.text)
                   00004268  [ 00002134 ] 000000f2          *              : ldexp.obj (.text)
                   0000435a  [ 000021ad ] 000000e6          *              : setvbuf.obj (.text)
                   00004440  [ 00002220 ] 000000dd          *              : _io_perm.obj (.text)
                   0000451d  [ 0000228e+] 000000cc          *              : frexp.obj (.text)
                   000045e9  [ 000022f4+] 000000c2          *              : fflush.obj (.text)
                   000046ab  [ 00002355+] 000000bf          *              : modf.obj (.text)
                   0000476a  [ 000023b5 ] 000000ba          *              : trgmsg.obj (.text:CIO_breakpoint)
                   00004824  [ 00002412 ] 000000a6          *              : fputc.obj (.text)
                   000048ca  [ 00002465 ] 000000a1          *              : divul.obj (.text)
                   0000496b  [ 000024b5+] 0000007d          *              : ltoa.obj (.text)
                   000049e8  [ 000024f4 ] 0000007b          *              : fclose.obj (.text)
                   00004a63  [ 00002531+] 00000076          *              : frcmpyd.obj (.text)
                   00004ad9  [ 0000256c+] 00000073          *              : frcmpyd_div.obj (.text)
                   00004b4c  [ 000025a6 ] 00000072          *              : remul.obj (.text)
                   00004bbe  [ 000025df ] 0000006f          *              : fixdli.obj (.text)
                   00004c2d  [ 00002616+] 0000006d          *              : trgmsg.obj (.text)
                   00004c9a  [ 0000264d ] 0000006b          *              : fseek.obj (.text)
                   00004d05  [ 00002682+] 00000067          *              : fltlid.obj (.text)
                   00004d6c  [ 000026b6 ] 0000005f          *              : round.obj (.text)
                   00004dcb  [ 000026e5+] 0000005c          *              : atoi.obj (.text)
                   00004e27  [ 00002713+] 00000050          *              : printf.obj (.text)
                   00004e77  [ 0000273b+] 0000004d          *              : autoinit.obj (.text)
                   00004ec4  [ 00002762 ] 0000004b          *              : args_main.obj (.text)
                   00004f0f  [ 00002787+] 0000004b          *              : remli.obj (.text)
                   00004f5a  [ 000027ad ] 00000048          *              : divli.obj (.text)
                   00004fa2  [ 000027d1 ] 00000041          *              : trunc.obj (.text)
                   00004fe3  [ 000027f1+] 0000003f          *              : memcpy.obj (.text)
                   00005022  [ 00002811 ] 0000003e          *              : exit.obj (.text)
                   00005060  [ 00002830 ] 00000034          *              : boot.obj (.text)
                   00005094  [ 0000284a ] 0000002a          *              : fixdi.obj (.text)
                   000050be  [ 0000285f ] 0000002a          *              : udiv.obj (.text)
                   000050e8  [ 00002874 ] 00000023          *              : memccpy.obj (.text)
                   0000510b  [ 00002885+] 0000001a          *              : isinf.obj (.text)
                   00005125  [ 00002892+] 00000014          *              : subd.obj (.text)
                   00005139  [ 0000289c+] 00000013          *              : lmpy.obj (.text)
                   0000514c  [ 000028a6 ] 00000012          *              : _lock.obj (.text)
                   0000515e  [ 000028af ] 00000010          *              : negd.obj (.text)
                   0000516e  [ 000028b7 ] 0000000c          *              : fltid.obj (.text)
                   0000517a  [ 000028bd ] 0000000a          *              : remove.obj (.text)
                   00005184  [ 000028c2 ] 00000007          *              : exit.obj (.text:CIO_breakpoint)
                   0000518b  [ 000028c5+] 00000002          *              : vectors.obj (.text)
                   0000518d  [ 000028c6 ] 00000001          *   --HOLE-- [fill = 20]

.stack       0   [ 00005190 ]  000028c8          *   00001000   UNINITIALIZED
                 [ 00005190 ]  000028c8          *   00001000   --HOLE--

.sysmem      0   [ 00007190 ]  000038c8          *   00001000   UNINITIALIZED
                 [ 00007190 ]  000038c8          *   00001000   --HOLE--

.sysstack 
*            0   [ 00009190 ]  000048c8          *   00000800   UNINITIALIZED
                 [ 00009190 ]  000048c8          *   00000800   --HOLE--

.const.1     0   [ 0000a190 ]  000050c8          *   00000101   
                 [ 0000a190 ]  000050c8          *   00000101   rts55x.lib : ctype.obj (.const:__ctypes_)

.const.2     0   [ 0000a394 ]  000051ca          *   00000195   
                 [ 0000a394 ]  000051ca          *   00000100   main.obj (.const:_$P$T0$1)
                 [ 0000a594 ]  000052ca          *   00000024   rts55x.lib : _printfi.obj (.const:.string)
                 [ 0000a5dc ]  000052ee          *   00000016              : cos.obj (.const)
                 [ 0000a608 ]  00005304          *   00000014              : sin.obj (.const)
                 [ 0000a630 ]  00005318          *   0000000c              : _printfi.obj (.const)
                 [ 0000a648 ]  00005324          *   0000000a              : ldexp.obj (.const)
                 [ 0000a65c ]  0000532e          *   0000000a              : sqrt.obj (.const)
                 [ 0000a670 ]  00005338          *   00000008              : divd.obj (.const:_initial_approx$1)
                 [ 0000a680 ]  00005340          *   00000008   main.obj (.const)
                 [ 0000a690 ]  00005348          *   00000008   rts55x.lib : frexp.obj (.const)
                 [ 0000a6a0 ]  00005350          *   00000008              : round.obj (.const)
                 [ 0000a6b0 ]  00005358          *   00000007   main.obj (.const:.string)

.const.3     0   [ 0000a6c0 ]  00005360          *   0000000e   
                 [ 0000a6c0 ]  00005360          *   00000006   rts55x.lib : modf.obj (.const)
                 [ 0000a6cc ]  00005366          *   00000004              : trunc.obj (.const)
                 [ 0000a6d4 ]  0000536a          *   00000002              : fputs.obj (.const:.string)
                 [ 0000a6d8 ]  0000536c          *   00000002              : fltlid.obj (.const)

.bss         0   [ 0000a6dc ]  0000536e          *   0000027a   UNINITIALIZED
                 [ 0000a6dc ]  0000536e          *   00000119   rts55x.lib : defs.obj (.bss)
                 [ 0000a90e ]  00005487          *   000000d0              : trgdrv.obj (.bss)
                 [ 0000aaae ]  00005557          *   00000001              : errno.obj (.bss)
                 [ 0000aab0 ]  00005558          *   00000071              : lowlev.obj (.bss)
                 [ 0000ab92 ]  000055c9          *   00000001              : fopen.obj (.bss)
                 [ 0000ab94 ]  000055ca          *   00000008              : cos.obj (.bss)
                 [ 0000aba4 ]  000055d2          *   00000008              : sin.obj (.bss)
                 [ 0000abb4 ]  000055da          *   00000006              : memory.obj (.bss)
                 [ 0000abc0 ]  000055e0          *   00000004              : _lock.obj (.bss)
                 [ 0000abc8 ]  000055e4          *   00000004              : exit.obj (.bss)

.cio         0   [ 0000abd0 ]  000055e8          *   00000120   UNINITIALIZED
                 [ 0000abd0 ]  000055e8          *   00000120   rts55x.lib : trgmsg.obj (.cio)

.cinit       0   [ 0000ae10 ]  00005708          *   0000008e   
                 [ 0000ae10 ]  00005708          *   0000002d   rts55x.lib : lowlev.obj (.cinit)
                 [ 0000ae6a ]  00005735          *   0000002a              : defs.obj (.cinit)
                 [ 0000aebe ]  0000575f          *   0000000b              : cos.obj (.cinit)
                 [ 0000aed4 ]  0000576a          *   0000000b              : sin.obj (.cinit)
                 [ 0000aeea ]  00005775          *   0000000a              : _lock.obj (.cinit)
                 [ 0000aefe ]  0000577f          *   0000000a              : exit.obj (.cinit)
                 [ 0000af12 ]  00005789          *   00000004              : errno.obj (.cinit)
                 [ 0000af1a ]  0000578d          *   00000004              : fopen.obj (.cinit)
                 [ 0000af22 ]  00005791          *   00000004              : memory.obj (.cinit)
                 [ 0000af2a ]  00005795          *   00000001   --HOLE-- [fill = 0]

vectors      0     0000fe00  [ 00007f00 ] 00000100          *   
                   0000fe00  [ 00007f00 ] 00000100          *   rts55x.lib : vectors.obj (vectors)


GLOBAL SYMBOLS: SORTED ALPHABETICALLY BY Name 

abs. value/
byte addr   word addr   name
---------   ---------   ----
00000002                $TI_capability$C5500$CallingConvention
00000002                $TI_capability$C5500$MemoryModel
00000001                $TI_capability_requires_rev2
ffffffff                .bss
ffffffff                .data
ffffffff                .text
00005185                C$$EXIT
0000481f                C$$IO$$
00005139                I$$LMPY
000050be                I$$UDIV
000050d3                I$$UMOD
00002899                _HOSTclock
0000282e                _HOSTclose
00002779                _HOSTlseek
000026da                _HOSTopen
0000264d                _HOSTread
0000259f                _HOSTrename
00002541                _HOSTtime
000024d7                _HOSTunlink
0000244a                _HOSTwrite
0000fe00                _Reset
            000055e8    __CIOBUF_
            000038c8    __STACK_END
00002000                __STACK_SIZE
00002000                __SYSMEM_SIZE
00001000                __SYSSTACK_SIZE
00000001                __TI_args_main
ffffffff                ___binit__
ffffffff                ___bss__
ffffffff                ___c_args__
            00005708    ___cinit__
ffffffff                ___data__
ffffffff                ___edata__
ffffffff                ___end__
ffffffff                ___etext__
0000510b                ___isinf
ffffffff                ___pinit__
ffffffff                ___text__
00003655                __addd
00004ec4                __args_main
00003299                __cleanup
            000055e4    __cleanup_ptr
00003e4b                __cmpd
            000050c8    __ctypes_
00002dac                __divd
00004f5a                __divli
00003620                __divlli
000050be                __divu
000048ca                __divul
0000352c                __divull
000045e9                __doflush
            000055e6    __dtors_ptr
00003e17                __eqld
00005094                __fixdi
00004bbe                __fixdli
0000516e                __fltid
00004d05                __fltlid
00004a63                __frcmpyd
00004ad9                __frcmpyd_div
            00005486    __ft_end
            0000536e    __ftable
00003dcd                __geqd
00003d82                __gtrd
00003d35                __leqd
            000055e0    __lock
00003ced                __lssd
00004006                __mpyd
00005139                __mpyli
00003474                __mpylli
0000515e                __negd
00003cb9                __neqd
0000515c                __nop
00004d6c                __nround
00001662                __printfi
000044c0                __rd_ok
00005154                __register_lock
0000514c                __register_unlock
00004f0f                __remli
00003445                __remlli
000050d3                __remu
00004b4c                __remul
000033f7                __remull
            000028c8    __stack
00005125                __subd
            000038c8    __sys_memory
            000048c8    __sysstack
            000053e6    __tmpnams
00004fa2                __trunc
            000055e2    __unlock
00004440                __wrt_ok
00005184                _abort
00001de5                _absComplex
000022df                _add_device
00004dcb                _atoi
00004e77                _auto_init
00001a5e                _bitReverse128
00005060                _c_int00
00002d86                _calloc
00002d7e                _chkheap
0000226c                _close
000038af                _cos
000018d2                _dft
            00005557    _errno
00005022                _exit
000049e8                _fclose
00004652                _fflush
00001af1                _fftFrequencyDecimation
00001d32                _fftFrequencyDecimation128p
00002263                _find_registered_device
000033bc                _fopen
00004824                _fputc
00003ea3                _fputs
000028f7                _free
00002d28                _free_memory
000032f3                _freopen
0000451d                _frexp
00004c9a                _fseek
000023cf                _getenv
00001a3a                _hardCopycdouble
00004268                _ldexp
000021fd                _lseek
0000496b                _ltoa
00001e1e                _main
00002a28                _malloc
00002cce                _max_free
000050e8                _memccpy
00004fe3                _memcpy
000029c3                _minit
000046ab                _modf
0000213e                _open
00004e27                _printf
00004824                _putc
000048bb                _putchar
00003fd8                _puts
00002090                _read
00004c2d                _readmsg
00002b1d                _realloc
0000517a                _remove
0000205a                _remove_device
00002001                _rename
0000435a                _setvbuf
00003ac7                _sin
00004152                _sqrt
00001fce                _unlink
00001e8c                _write
0000476a                _writemsg
ffffffff                binit
            00005708    cinit
ffffffff                edata
ffffffff                end
ffffffff                etext
ffffffff                pinit


GLOBAL SYMBOLS: SORTED BY Symbol Address 

abs. value/
byte addr   word addr   name
---------   ---------   ----
00000001                $TI_capability_requires_rev2
00000001                __TI_args_main
00000002                $TI_capability$C5500$CallingConvention
00000002                $TI_capability$C5500$MemoryModel
00001000                __SYSSTACK_SIZE
00001662                __printfi
000018d2                _dft
00001a3a                _hardCopycdouble
00001a5e                _bitReverse128
00001af1                _fftFrequencyDecimation
00001d32                _fftFrequencyDecimation128p
00001de5                _absComplex
00001e1e                _main
00001e8c                _write
00001fce                _unlink
00002000                __STACK_SIZE
00002000                __SYSMEM_SIZE
00002001                _rename
0000205a                _remove_device
00002090                _read
0000213e                _open
000021fd                _lseek
00002263                _find_registered_device
0000226c                _close
000022df                _add_device
000023cf                _getenv
0000244a                _HOSTwrite
000024d7                _HOSTunlink
00002541                _HOSTtime
0000259f                _HOSTrename
0000264d                _HOSTread
000026da                _HOSTopen
00002779                _HOSTlseek
0000282e                _HOSTclose
00002899                _HOSTclock
000028f7                _free
000029c3                _minit
00002a28                _malloc
00002b1d                _realloc
00002cce                _max_free
00002d28                _free_memory
00002d7e                _chkheap
00002d86                _calloc
00002dac                __divd
00003299                __cleanup
000032f3                _freopen
000033bc                _fopen
000033f7                __remull
00003445                __remlli
00003474                __mpylli
0000352c                __divull
00003620                __divlli
00003655                __addd
000038af                _cos
00003ac7                _sin
00003cb9                __neqd
00003ced                __lssd
00003d35                __leqd
00003d82                __gtrd
00003dcd                __geqd
00003e17                __eqld
00003e4b                __cmpd
00003ea3                _fputs
00003fd8                _puts
00004006                __mpyd
00004152                _sqrt
00004268                _ldexp
0000435a                _setvbuf
00004440                __wrt_ok
000044c0                __rd_ok
0000451d                _frexp
000045e9                __doflush
00004652                _fflush
000046ab                _modf
0000476a                _writemsg
0000481f                C$$IO$$
00004824                _fputc
00004824                _putc
000048bb                _putchar
000048ca                __divul
0000496b                _ltoa
000049e8                _fclose
00004a63                __frcmpyd
00004ad9                __frcmpyd_div
00004b4c                __remul
00004bbe                __fixdli
00004c2d                _readmsg
00004c9a                _fseek
00004d05                __fltlid
00004d6c                __nround
00004dcb                _atoi
00004e27                _printf
00004e77                _auto_init
00004ec4                __args_main
00004f0f                __remli
00004f5a                __divli
00004fa2                __trunc
00004fe3                _memcpy
00005022                _exit
00005060                _c_int00
00005094                __fixdi
000050be                I$$UDIV
000050be                __divu
000050d3                I$$UMOD
000050d3                __remu
000050e8                _memccpy
0000510b                ___isinf
00005125                __subd
00005139                I$$LMPY
00005139                __mpyli
0000514c                __register_unlock
00005154                __register_lock
0000515c                __nop
0000515e                __negd
0000516e                __fltid
0000517a                _remove
00005184                _abort
00005185                C$$EXIT
            000028c8    __stack
            000038c8    __STACK_END
            000038c8    __sys_memory
            000048c8    __sysstack
            000050c8    __ctypes_
            0000536e    __ftable
            000053e6    __tmpnams
            00005486    __ft_end
            00005557    _errno
            000055e0    __lock
            000055e2    __unlock
            000055e4    __cleanup_ptr
            000055e6    __dtors_ptr
            000055e8    __CIOBUF_
            00005708    ___cinit__
            00005708    cinit
0000fe00                _Reset
ffffffff                .bss
ffffffff                .data
ffffffff                .text
ffffffff                ___binit__
ffffffff                ___bss__
ffffffff                ___c_args__
ffffffff                ___data__
ffffffff                ___edata__
ffffffff                ___end__
ffffffff                ___etext__
ffffffff                ___pinit__
ffffffff                ___text__
ffffffff                binit
ffffffff                edata
ffffffff                end
ffffffff                etext
ffffffff                pinit

[152 symbols]
