<?xml version="1.0"?>
<link_info>
   <banner>TMS320C55x Linker PC v4.4.1</banner>
   <copyright>Copyright (c) 1996-2012 Texas Instruments Incorporated</copyright>
   <link_time>0x5b3c0a92</link_time>
   <output_file>dftlab3.out</output_file>
   <entry_point>
      <name>_c_int00</name>
      <address>0x50a9</address>
   </entry_point>
   <input_file_list>
      <input_file id="fl-2">
         <path>.\</path>
         <kind>object</kind>
         <file>main.obj</file>
         <name>main.obj</name>
      </input_file>
      <input_file id="fl-19">
         <path>C:\ti\ccsv8\tools\compiler\c5500_4.4.1\lib\</path>
         <kind>archive</kind>
         <file>rts55x.lib</file>
         <name>addd.obj</name>
      </input_file>
      <input_file id="fl-1a">
         <path>C:\ti\ccsv8\tools\compiler\c5500_4.4.1\lib\</path>
         <kind>archive</kind>
         <file>rts55x.lib</file>
         <name>boot.obj</name>
      </input_file>
      <input_file id="fl-1b">
         <path>C:\ti\ccsv8\tools\compiler\c5500_4.4.1\lib\</path>
         <kind>archive</kind>
         <file>rts55x.lib</file>
         <name>cos.obj</name>
      </input_file>
      <input_file id="fl-1c">
         <path>C:\ti\ccsv8\tools\compiler\c5500_4.4.1\lib\</path>
         <kind>archive</kind>
         <file>rts55x.lib</file>
         <name>divd.obj</name>
      </input_file>
      <input_file id="fl-1d">
         <path>C:\ti\ccsv8\tools\compiler\c5500_4.4.1\lib\</path>
         <kind>archive</kind>
         <file>rts55x.lib</file>
         <name>exit.obj</name>
      </input_file>
      <input_file id="fl-1e">
         <path>C:\ti\ccsv8\tools\compiler\c5500_4.4.1\lib\</path>
         <kind>archive</kind>
         <file>rts55x.lib</file>
         <name>fixdi.obj</name>
      </input_file>
      <input_file id="fl-1f">
         <path>C:\ti\ccsv8\tools\compiler\c5500_4.4.1\lib\</path>
         <kind>archive</kind>
         <file>rts55x.lib</file>
         <name>fixdli.obj</name>
      </input_file>
      <input_file id="fl-20">
         <path>C:\ti\ccsv8\tools\compiler\c5500_4.4.1\lib\</path>
         <kind>archive</kind>
         <file>rts55x.lib</file>
         <name>fltid.obj</name>
      </input_file>
      <input_file id="fl-21">
         <path>C:\ti\ccsv8\tools\compiler\c5500_4.4.1\lib\</path>
         <kind>archive</kind>
         <file>rts55x.lib</file>
         <name>fltlid.obj</name>
      </input_file>
      <input_file id="fl-22">
         <path>C:\ti\ccsv8\tools\compiler\c5500_4.4.1\lib\</path>
         <kind>archive</kind>
         <file>rts55x.lib</file>
         <name>frcmpyd_div.obj</name>
      </input_file>
      <input_file id="fl-23">
         <path>C:\ti\ccsv8\tools\compiler\c5500_4.4.1\lib\</path>
         <kind>archive</kind>
         <file>rts55x.lib</file>
         <name>lmpy.obj</name>
      </input_file>
      <input_file id="fl-24">
         <path>C:\ti\ccsv8\tools\compiler\c5500_4.4.1\lib\</path>
         <kind>archive</kind>
         <file>rts55x.lib</file>
         <name>modf.obj</name>
      </input_file>
      <input_file id="fl-25">
         <path>C:\ti\ccsv8\tools\compiler\c5500_4.4.1\lib\</path>
         <kind>archive</kind>
         <file>rts55x.lib</file>
         <name>mpyd.obj</name>
      </input_file>
      <input_file id="fl-26">
         <path>C:\ti\ccsv8\tools\compiler\c5500_4.4.1\lib\</path>
         <kind>archive</kind>
         <file>rts55x.lib</file>
         <name>negd.obj</name>
      </input_file>
      <input_file id="fl-27">
         <path>C:\ti\ccsv8\tools\compiler\c5500_4.4.1\lib\</path>
         <kind>archive</kind>
         <file>rts55x.lib</file>
         <name>printf.obj</name>
      </input_file>
      <input_file id="fl-28">
         <path>C:\ti\ccsv8\tools\compiler\c5500_4.4.1\lib\</path>
         <kind>archive</kind>
         <file>rts55x.lib</file>
         <name>round.obj</name>
      </input_file>
      <input_file id="fl-29">
         <path>C:\ti\ccsv8\tools\compiler\c5500_4.4.1\lib\</path>
         <kind>archive</kind>
         <file>rts55x.lib</file>
         <name>sin.obj</name>
      </input_file>
      <input_file id="fl-2a">
         <path>C:\ti\ccsv8\tools\compiler\c5500_4.4.1\lib\</path>
         <kind>archive</kind>
         <file>rts55x.lib</file>
         <name>sqrt.obj</name>
      </input_file>
      <input_file id="fl-2b">
         <path>C:\ti\ccsv8\tools\compiler\c5500_4.4.1\lib\</path>
         <kind>archive</kind>
         <file>rts55x.lib</file>
         <name>subd.obj</name>
      </input_file>
      <input_file id="fl-2c">
         <path>C:\ti\ccsv8\tools\compiler\c5500_4.4.1\lib\</path>
         <kind>archive</kind>
         <file>rts55x.lib</file>
         <name>trunc.obj</name>
      </input_file>
      <input_file id="fl-2d">
         <path>C:\ti\ccsv8\tools\compiler\c5500_4.4.1\lib\</path>
         <kind>archive</kind>
         <file>rts55x.lib</file>
         <name>vectors.obj</name>
      </input_file>
      <input_file id="fl-2e">
         <path>C:\ti\ccsv8\tools\compiler\c5500_4.4.1\lib\</path>
         <kind>archive</kind>
         <file>rts55x.lib</file>
         <name>_lock.obj</name>
      </input_file>
      <input_file id="fl-2f">
         <path>C:\ti\ccsv8\tools\compiler\c5500_4.4.1\lib\</path>
         <kind>archive</kind>
         <file>rts55x.lib</file>
         <name>_printfi.obj</name>
      </input_file>
      <input_file id="fl-30">
         <path>C:\ti\ccsv8\tools\compiler\c5500_4.4.1\lib\</path>
         <kind>archive</kind>
         <file>rts55x.lib</file>
         <name>args_main.obj</name>
      </input_file>
      <input_file id="fl-31">
         <path>C:\ti\ccsv8\tools\compiler\c5500_4.4.1\lib\</path>
         <kind>archive</kind>
         <file>rts55x.lib</file>
         <name>atoi.obj</name>
      </input_file>
      <input_file id="fl-32">
         <path>C:\ti\ccsv8\tools\compiler\c5500_4.4.1\lib\</path>
         <kind>archive</kind>
         <file>rts55x.lib</file>
         <name>autoinit.obj</name>
      </input_file>
      <input_file id="fl-33">
         <path>C:\ti\ccsv8\tools\compiler\c5500_4.4.1\lib\</path>
         <kind>archive</kind>
         <file>rts55x.lib</file>
         <name>cmpd.obj</name>
      </input_file>
      <input_file id="fl-34">
         <path>C:\ti\ccsv8\tools\compiler\c5500_4.4.1\lib\</path>
         <kind>archive</kind>
         <file>rts55x.lib</file>
         <name>ctype.obj</name>
      </input_file>
      <input_file id="fl-35">
         <path>C:\ti\ccsv8\tools\compiler\c5500_4.4.1\lib\</path>
         <kind>archive</kind>
         <file>rts55x.lib</file>
         <name>defs.obj</name>
      </input_file>
      <input_file id="fl-36">
         <path>C:\ti\ccsv8\tools\compiler\c5500_4.4.1\lib\</path>
         <kind>archive</kind>
         <file>rts55x.lib</file>
         <name>divul.obj</name>
      </input_file>
      <input_file id="fl-37">
         <path>C:\ti\ccsv8\tools\compiler\c5500_4.4.1\lib\</path>
         <kind>archive</kind>
         <file>rts55x.lib</file>
         <name>errno.obj</name>
      </input_file>
      <input_file id="fl-38">
         <path>C:\ti\ccsv8\tools\compiler\c5500_4.4.1\lib\</path>
         <kind>archive</kind>
         <file>rts55x.lib</file>
         <name>fputc.obj</name>
      </input_file>
      <input_file id="fl-39">
         <path>C:\ti\ccsv8\tools\compiler\c5500_4.4.1\lib\</path>
         <kind>archive</kind>
         <file>rts55x.lib</file>
         <name>fputs.obj</name>
      </input_file>
      <input_file id="fl-3a">
         <path>C:\ti\ccsv8\tools\compiler\c5500_4.4.1\lib\</path>
         <kind>archive</kind>
         <file>rts55x.lib</file>
         <name>frcmpyd.obj</name>
      </input_file>
      <input_file id="fl-3b">
         <path>C:\ti\ccsv8\tools\compiler\c5500_4.4.1\lib\</path>
         <kind>archive</kind>
         <file>rts55x.lib</file>
         <name>frexp.obj</name>
      </input_file>
      <input_file id="fl-3c">
         <path>C:\ti\ccsv8\tools\compiler\c5500_4.4.1\lib\</path>
         <kind>archive</kind>
         <file>rts55x.lib</file>
         <name>isinf.obj</name>
      </input_file>
      <input_file id="fl-3d">
         <path>C:\ti\ccsv8\tools\compiler\c5500_4.4.1\lib\</path>
         <kind>archive</kind>
         <file>rts55x.lib</file>
         <name>ldexp.obj</name>
      </input_file>
      <input_file id="fl-3e">
         <path>C:\ti\ccsv8\tools\compiler\c5500_4.4.1\lib\</path>
         <kind>archive</kind>
         <file>rts55x.lib</file>
         <name>llmpy.obj</name>
      </input_file>
      <input_file id="fl-3f">
         <path>C:\ti\ccsv8\tools\compiler\c5500_4.4.1\lib\</path>
         <kind>archive</kind>
         <file>rts55x.lib</file>
         <name>lowlev.obj</name>
      </input_file>
      <input_file id="fl-40">
         <path>C:\ti\ccsv8\tools\compiler\c5500_4.4.1\lib\</path>
         <kind>archive</kind>
         <file>rts55x.lib</file>
         <name>ltoa.obj</name>
      </input_file>
      <input_file id="fl-41">
         <path>C:\ti\ccsv8\tools\compiler\c5500_4.4.1\lib\</path>
         <kind>archive</kind>
         <file>rts55x.lib</file>
         <name>memccpy.obj</name>
      </input_file>
      <input_file id="fl-42">
         <path>C:\ti\ccsv8\tools\compiler\c5500_4.4.1\lib\</path>
         <kind>archive</kind>
         <file>rts55x.lib</file>
         <name>memcpy.obj</name>
      </input_file>
      <input_file id="fl-43">
         <path>C:\ti\ccsv8\tools\compiler\c5500_4.4.1\lib\</path>
         <kind>archive</kind>
         <file>rts55x.lib</file>
         <name>remli.obj</name>
      </input_file>
      <input_file id="fl-44">
         <path>C:\ti\ccsv8\tools\compiler\c5500_4.4.1\lib\</path>
         <kind>archive</kind>
         <file>rts55x.lib</file>
         <name>remul.obj</name>
      </input_file>
      <input_file id="fl-45">
         <path>C:\ti\ccsv8\tools\compiler\c5500_4.4.1\lib\</path>
         <kind>archive</kind>
         <file>rts55x.lib</file>
         <name>trgdrv.obj</name>
      </input_file>
      <input_file id="fl-46">
         <path>C:\ti\ccsv8\tools\compiler\c5500_4.4.1\lib\</path>
         <kind>archive</kind>
         <file>rts55x.lib</file>
         <name>trgmsg.obj</name>
      </input_file>
      <input_file id="fl-47">
         <path>C:\ti\ccsv8\tools\compiler\c5500_4.4.1\lib\</path>
         <kind>archive</kind>
         <file>rts55x.lib</file>
         <name>udiv.obj</name>
      </input_file>
      <input_file id="fl-48">
         <path>C:\ti\ccsv8\tools\compiler\c5500_4.4.1\lib\</path>
         <kind>archive</kind>
         <file>rts55x.lib</file>
         <name>_io_perm.obj</name>
      </input_file>
      <input_file id="fl-49">
         <path>C:\ti\ccsv8\tools\compiler\c5500_4.4.1\lib\</path>
         <kind>archive</kind>
         <file>rts55x.lib</file>
         <name>divli.obj</name>
      </input_file>
      <input_file id="fl-4a">
         <path>C:\ti\ccsv8\tools\compiler\c5500_4.4.1\lib\</path>
         <kind>archive</kind>
         <file>rts55x.lib</file>
         <name>fflush.obj</name>
      </input_file>
      <input_file id="fl-4b">
         <path>C:\ti\ccsv8\tools\compiler\c5500_4.4.1\lib\</path>
         <kind>archive</kind>
         <file>rts55x.lib</file>
         <name>fseek.obj</name>
      </input_file>
      <input_file id="fl-4c">
         <path>C:\ti\ccsv8\tools\compiler\c5500_4.4.1\lib\</path>
         <kind>archive</kind>
         <file>rts55x.lib</file>
         <name>setvbuf.obj</name>
      </input_file>
      <input_file id="fl-4d">
         <path>C:\ti\ccsv8\tools\compiler\c5500_4.4.1\lib\</path>
         <kind>archive</kind>
         <file>rts55x.lib</file>
         <name>fopen.obj</name>
      </input_file>
      <input_file id="fl-4e">
         <path>C:\ti\ccsv8\tools\compiler\c5500_4.4.1\lib\</path>
         <kind>archive</kind>
         <file>rts55x.lib</file>
         <name>memory.obj</name>
      </input_file>
      <input_file id="fl-4f">
         <path>C:\ti\ccsv8\tools\compiler\c5500_4.4.1\lib\</path>
         <kind>archive</kind>
         <file>rts55x.lib</file>
         <name>fclose.obj</name>
      </input_file>
      <input_file id="fl-50">
         <path>C:\ti\ccsv8\tools\compiler\c5500_4.4.1\lib\</path>
         <kind>archive</kind>
         <file>rts55x.lib</file>
         <name>remove.obj</name>
      </input_file>
   </input_file_list>
   <object_component_list>
      <object_component id="oc-83">
         <name>.text</name>
         <load_address>0x300</load_address>
         <run_address>0x300</run_address>
         <size>0x15a4</size>
         <input_file_ref idref="fl-2f"/>
      </object_component>
      <object_component id="oc-14">
         <name>.text</name>
         <load_address>0x18a4</load_address>
         <run_address>0x18a4</run_address>
         <size>0x631</size>
         <input_file_ref idref="fl-2"/>
      </object_component>
      <object_component id="oc-c6">
         <name>.text</name>
         <load_address>0x1ed5</load_address>
         <run_address>0x1ed5</run_address>
         <size>0x543</size>
         <input_file_ref idref="fl-3f"/>
      </object_component>
      <object_component id="oc-e0">
         <name>.text</name>
         <load_address>0x2418</load_address>
         <run_address>0x2418</run_address>
         <size>0x528</size>
         <input_file_ref idref="fl-45"/>
      </object_component>
      <object_component id="oc-109">
         <name>.text</name>
         <load_address>0x2940</load_address>
         <run_address>0x2940</run_address>
         <size>0x4b5</size>
         <input_file_ref idref="fl-4e"/>
      </object_component>
      <object_component id="oc-2a">
         <name>.text</name>
         <load_address>0x2df5</load_address>
         <run_address>0x2df5</run_address>
         <size>0x3cc</size>
         <input_file_ref idref="fl-1c"/>
      </object_component>
      <object_component id="oc-103">
         <name>.text</name>
         <load_address>0x31c1</load_address>
         <run_address>0x31c1</run_address>
         <size>0x27f</size>
         <input_file_ref idref="fl-4d"/>
      </object_component>
      <object_component id="oc-c2">
         <name>.text</name>
         <load_address>0x3440</load_address>
         <run_address>0x3440</run_address>
         <size>0x25e</size>
         <input_file_ref idref="fl-3e"/>
      </object_component>
      <object_component id="oc-1b">
         <name>.text</name>
         <load_address>0x369e</load_address>
         <run_address>0x369e</run_address>
         <size>0x25a</size>
         <input_file_ref idref="fl-19"/>
      </object_component>
      <object_component id="oc-23">
         <name>.text</name>
         <load_address>0x38f8</load_address>
         <run_address>0x38f8</run_address>
         <size>0x218</size>
         <input_file_ref idref="fl-1b"/>
      </object_component>
      <object_component id="oc-64">
         <name>.text</name>
         <load_address>0x3b10</load_address>
         <run_address>0x3b10</run_address>
         <size>0x1f2</size>
         <input_file_ref idref="fl-29"/>
      </object_component>
      <object_component id="oc-95">
         <name>.text</name>
         <load_address>0x3d02</load_address>
         <run_address>0x3d02</run_address>
         <size>0x1ea</size>
         <input_file_ref idref="fl-33"/>
      </object_component>
      <object_component id="oc-ab">
         <name>.text</name>
         <load_address>0x3eec</load_address>
         <run_address>0x3eec</run_address>
         <size>0x163</size>
         <input_file_ref idref="fl-39"/>
      </object_component>
      <object_component id="oc-53">
         <name>.text</name>
         <load_address>0x404f</load_address>
         <run_address>0x404f</run_address>
         <size>0x14c</size>
         <input_file_ref idref="fl-25"/>
      </object_component>
      <object_component id="oc-6b">
         <name>.text</name>
         <load_address>0x419b</load_address>
         <run_address>0x419b</run_address>
         <size>0x116</size>
         <input_file_ref idref="fl-2a"/>
      </object_component>
      <object_component id="oc-bd">
         <name>.text</name>
         <load_address>0x42b1</load_address>
         <run_address>0x42b1</run_address>
         <size>0xf2</size>
         <input_file_ref idref="fl-3d"/>
      </object_component>
      <object_component id="oc-ff">
         <name>.text</name>
         <load_address>0x43a3</load_address>
         <run_address>0x43a3</run_address>
         <size>0xe6</size>
         <input_file_ref idref="fl-4c"/>
      </object_component>
      <object_component id="oc-ef">
         <name>.text</name>
         <load_address>0x4489</load_address>
         <run_address>0x4489</run_address>
         <size>0xdd</size>
         <input_file_ref idref="fl-48"/>
      </object_component>
      <object_component id="oc-b4">
         <name>.text</name>
         <load_address>0x4566</load_address>
         <run_address>0x4566</run_address>
         <size>0xcc</size>
         <input_file_ref idref="fl-3b"/>
      </object_component>
      <object_component id="oc-f7">
         <name>.text</name>
         <load_address>0x4632</load_address>
         <run_address>0x4632</run_address>
         <size>0xc2</size>
         <input_file_ref idref="fl-4a"/>
      </object_component>
      <object_component id="oc-4e">
         <name>.text</name>
         <load_address>0x46f4</load_address>
         <run_address>0x46f4</run_address>
         <size>0xbf</size>
         <input_file_ref idref="fl-24"/>
      </object_component>
      <object_component id="oc-e8">
         <name>.text:CIO_breakpoint</name>
         <load_address>0x47b3</load_address>
         <run_address>0x47b3</run_address>
         <size>0xba</size>
         <input_file_ref idref="fl-46"/>
      </object_component>
      <object_component id="oc-a7">
         <name>.text</name>
         <load_address>0x486d</load_address>
         <run_address>0x486d</run_address>
         <size>0xa6</size>
         <input_file_ref idref="fl-38"/>
      </object_component>
      <object_component id="oc-9f">
         <name>.text</name>
         <load_address>0x4913</load_address>
         <run_address>0x4913</run_address>
         <size>0xa1</size>
         <input_file_ref idref="fl-36"/>
      </object_component>
      <object_component id="oc-cc">
         <name>.text</name>
         <load_address>0x49b4</load_address>
         <run_address>0x49b4</run_address>
         <size>0x7d</size>
         <input_file_ref idref="fl-40"/>
      </object_component>
      <object_component id="oc-110">
         <name>.text</name>
         <load_address>0x4a31</load_address>
         <run_address>0x4a31</run_address>
         <size>0x7b</size>
         <input_file_ref idref="fl-4f"/>
      </object_component>
      <object_component id="oc-b0">
         <name>.text</name>
         <load_address>0x4aac</load_address>
         <run_address>0x4aac</run_address>
         <size>0x76</size>
         <input_file_ref idref="fl-3a"/>
      </object_component>
      <object_component id="oc-46">
         <name>.text</name>
         <load_address>0x4b22</load_address>
         <run_address>0x4b22</run_address>
         <size>0x73</size>
         <input_file_ref idref="fl-22"/>
      </object_component>
      <object_component id="oc-dc">
         <name>.text</name>
         <load_address>0x4b95</load_address>
         <run_address>0x4b95</run_address>
         <size>0x72</size>
         <input_file_ref idref="fl-44"/>
      </object_component>
      <object_component id="oc-39">
         <name>.text</name>
         <load_address>0x4c07</load_address>
         <run_address>0x4c07</run_address>
         <size>0x6f</size>
         <input_file_ref idref="fl-1f"/>
      </object_component>
      <object_component id="oc-e5">
         <name>.text</name>
         <load_address>0x4c76</load_address>
         <run_address>0x4c76</run_address>
         <size>0x6d</size>
         <input_file_ref idref="fl-46"/>
      </object_component>
      <object_component id="oc-fb">
         <name>.text</name>
         <load_address>0x4ce3</load_address>
         <run_address>0x4ce3</run_address>
         <size>0x6b</size>
         <input_file_ref idref="fl-4b"/>
      </object_component>
      <object_component id="oc-41">
         <name>.text</name>
         <load_address>0x4d4e</load_address>
         <run_address>0x4d4e</run_address>
         <size>0x67</size>
         <input_file_ref idref="fl-21"/>
      </object_component>
      <object_component id="oc-5f">
         <name>.text</name>
         <load_address>0x4db5</load_address>
         <run_address>0x4db5</run_address>
         <size>0x5f</size>
         <input_file_ref idref="fl-28"/>
      </object_component>
      <object_component id="oc-8d">
         <name>.text</name>
         <load_address>0x4e14</load_address>
         <run_address>0x4e14</run_address>
         <size>0x5c</size>
         <input_file_ref idref="fl-31"/>
      </object_component>
      <object_component id="oc-5b">
         <name>.text</name>
         <load_address>0x4e70</load_address>
         <run_address>0x4e70</run_address>
         <size>0x50</size>
         <input_file_ref idref="fl-27"/>
      </object_component>
      <object_component id="oc-91">
         <name>.text</name>
         <load_address>0x4ec0</load_address>
         <run_address>0x4ec0</run_address>
         <size>0x4d</size>
         <input_file_ref idref="fl-32"/>
      </object_component>
      <object_component id="oc-89">
         <name>.text</name>
         <load_address>0x4f0d</load_address>
         <run_address>0x4f0d</run_address>
         <size>0x4b</size>
         <input_file_ref idref="fl-30"/>
      </object_component>
      <object_component id="oc-d8">
         <name>.text</name>
         <load_address>0x4f58</load_address>
         <run_address>0x4f58</run_address>
         <size>0x4b</size>
         <input_file_ref idref="fl-43"/>
      </object_component>
      <object_component id="oc-f3">
         <name>.text</name>
         <load_address>0x4fa3</load_address>
         <run_address>0x4fa3</run_address>
         <size>0x48</size>
         <input_file_ref idref="fl-49"/>
      </object_component>
      <object_component id="oc-74">
         <name>.text</name>
         <load_address>0x4feb</load_address>
         <run_address>0x4feb</run_address>
         <size>0x41</size>
         <input_file_ref idref="fl-2c"/>
      </object_component>
      <object_component id="oc-d4">
         <name>.text</name>
         <load_address>0x502c</load_address>
         <run_address>0x502c</run_address>
         <size>0x3f</size>
         <input_file_ref idref="fl-42"/>
      </object_component>
      <object_component id="oc-2e">
         <name>.text</name>
         <load_address>0x506b</load_address>
         <run_address>0x506b</run_address>
         <size>0x3e</size>
         <input_file_ref idref="fl-1d"/>
      </object_component>
      <object_component id="oc-12">
         <name>.text</name>
         <load_address>0x50a9</load_address>
         <run_address>0x50a9</run_address>
         <size>0x34</size>
         <input_file_ref idref="fl-1a"/>
      </object_component>
      <object_component id="oc-35">
         <name>.text</name>
         <load_address>0x50dd</load_address>
         <run_address>0x50dd</run_address>
         <size>0x2a</size>
         <input_file_ref idref="fl-1e"/>
      </object_component>
      <object_component id="oc-eb">
         <name>.text</name>
         <load_address>0x5107</load_address>
         <run_address>0x5107</run_address>
         <size>0x2a</size>
         <input_file_ref idref="fl-47"/>
      </object_component>
      <object_component id="oc-d0">
         <name>.text</name>
         <load_address>0x5131</load_address>
         <run_address>0x5131</run_address>
         <size>0x23</size>
         <input_file_ref idref="fl-41"/>
      </object_component>
      <object_component id="oc-b9">
         <name>.text</name>
         <load_address>0x5154</load_address>
         <run_address>0x5154</run_address>
         <size>0x1a</size>
         <input_file_ref idref="fl-3c"/>
      </object_component>
      <object_component id="oc-70">
         <name>.text</name>
         <load_address>0x516e</load_address>
         <run_address>0x516e</run_address>
         <size>0x14</size>
         <input_file_ref idref="fl-2b"/>
      </object_component>
      <object_component id="oc-4a">
         <name>.text</name>
         <load_address>0x5182</load_address>
         <run_address>0x5182</run_address>
         <size>0x13</size>
         <input_file_ref idref="fl-23"/>
      </object_component>
      <object_component id="oc-7d">
         <name>.text</name>
         <load_address>0x5195</load_address>
         <run_address>0x5195</run_address>
         <size>0x12</size>
         <input_file_ref idref="fl-2e"/>
      </object_component>
      <object_component id="oc-57">
         <name>.text</name>
         <load_address>0x51a7</load_address>
         <run_address>0x51a7</run_address>
         <size>0x10</size>
         <input_file_ref idref="fl-26"/>
      </object_component>
      <object_component id="oc-3d">
         <name>.text</name>
         <load_address>0x51b7</load_address>
         <run_address>0x51b7</run_address>
         <size>0xc</size>
         <input_file_ref idref="fl-20"/>
      </object_component>
      <object_component id="oc-114">
         <name>.text</name>
         <load_address>0x51c3</load_address>
         <run_address>0x51c3</run_address>
         <size>0xa</size>
         <input_file_ref idref="fl-50"/>
      </object_component>
      <object_component id="oc-32">
         <name>.text:CIO_breakpoint</name>
         <load_address>0x51cd</load_address>
         <run_address>0x51cd</run_address>
         <size>0x7</size>
         <input_file_ref idref="fl-1d"/>
      </object_component>
      <object_component id="oc-79">
         <name>.text</name>
         <load_address>0x51d4</load_address>
         <run_address>0x51d4</run_address>
         <size>0x2</size>
         <input_file_ref idref="fl-2d"/>
      </object_component>
      <object_component id="oc-1f">
         <name>.stack</name>
         <uninitialized>true</uninitialized>
         <run_address>0x51d8</run_address>
         <size>0x0</size>
         <input_file_ref idref="fl-1a"/>
      </object_component>
      <object_component id="oc-134">
         <name>.stack</name>
         <uninitialized>true</uninitialized>
         <run_address>0x51d8</run_address>
         <size>0x0</size>
      </object_component>
      <object_component id="oc-118">
         <name>.sysstack</name>
         <uninitialized>true</uninitialized>
         <run_address>0x91d8</run_address>
         <size>0x0</size>
         <input_file_ref idref="fl-1a"/>
      </object_component>
      <object_component id="oc-136">
         <name>.sysstack</name>
         <uninitialized>true</uninitialized>
         <run_address>0x91d8</run_address>
         <size>0x0</size>
      </object_component>
      <object_component id="oc-9b">
         <name>.bss</name>
         <uninitialized>true</uninitialized>
         <run_address>0xa1d8</run_address>
         <size>0x232</size>
         <input_file_ref idref="fl-35"/>
      </object_component>
      <object_component id="oc-e1">
         <name>.bss</name>
         <uninitialized>true</uninitialized>
         <run_address>0xa40a</run_address>
         <size>0x1a0</size>
         <input_file_ref idref="fl-45"/>
      </object_component>
      <object_component id="oc-a3">
         <name>.bss</name>
         <uninitialized>true</uninitialized>
         <run_address>0xa5aa</run_address>
         <size>0x2</size>
         <input_file_ref idref="fl-37"/>
      </object_component>
      <object_component id="oc-c7">
         <name>.bss</name>
         <uninitialized>true</uninitialized>
         <run_address>0xa5ac</run_address>
         <size>0xe2</size>
         <input_file_ref idref="fl-3f"/>
      </object_component>
      <object_component id="oc-104">
         <name>.bss</name>
         <uninitialized>true</uninitialized>
         <run_address>0xa68e</run_address>
         <size>0x2</size>
         <input_file_ref idref="fl-4d"/>
      </object_component>
      <object_component id="oc-24">
         <name>.bss</name>
         <uninitialized>true</uninitialized>
         <run_address>0xa690</run_address>
         <size>0x10</size>
         <input_file_ref idref="fl-1b"/>
      </object_component>
      <object_component id="oc-65">
         <name>.bss</name>
         <uninitialized>true</uninitialized>
         <run_address>0xa6a0</run_address>
         <size>0x10</size>
         <input_file_ref idref="fl-29"/>
      </object_component>
      <object_component id="oc-10a">
         <name>.bss</name>
         <uninitialized>true</uninitialized>
         <run_address>0xa6b0</run_address>
         <size>0xc</size>
         <input_file_ref idref="fl-4e"/>
      </object_component>
      <object_component id="oc-7e">
         <name>.bss</name>
         <uninitialized>true</uninitialized>
         <run_address>0xa6bc</run_address>
         <size>0x8</size>
         <input_file_ref idref="fl-2e"/>
      </object_component>
      <object_component id="oc-2f">
         <name>.bss</name>
         <uninitialized>true</uninitialized>
         <run_address>0xa6c4</run_address>
         <size>0x8</size>
         <input_file_ref idref="fl-1d"/>
      </object_component>
      <object_component id="oc-11a">
         <name>.const:__ctypes_</name>
         <load_address>0xa6cc</load_address>
         <run_address>0xa6cc</run_address>
         <size>0x202</size>
         <input_file_ref idref="fl-34"/>
      </object_component>
      <object_component id="oc-86">
         <name>.const:.string</name>
         <load_address>0xa8d0</load_address>
         <run_address>0xa8d0</run_address>
         <size>0x48</size>
         <input_file_ref idref="fl-2f"/>
      </object_component>
      <object_component id="oc-27">
         <name>.const</name>
         <load_address>0xa918</load_address>
         <run_address>0xa918</run_address>
         <size>0x2c</size>
         <input_file_ref idref="fl-1b"/>
      </object_component>
      <object_component id="oc-68">
         <name>.const</name>
         <load_address>0xa944</load_address>
         <run_address>0xa944</run_address>
         <size>0x28</size>
         <input_file_ref idref="fl-29"/>
      </object_component>
      <object_component id="oc-85">
         <name>.const</name>
         <load_address>0xa96c</load_address>
         <run_address>0xa96c</run_address>
         <size>0x18</size>
         <input_file_ref idref="fl-2f"/>
      </object_component>
      <object_component id="oc-bf">
         <name>.const</name>
         <load_address>0xa984</load_address>
         <run_address>0xa984</run_address>
         <size>0x14</size>
         <input_file_ref idref="fl-3d"/>
      </object_component>
      <object_component id="oc-6d">
         <name>.const</name>
         <load_address>0xa998</load_address>
         <run_address>0xa998</run_address>
         <size>0x14</size>
         <input_file_ref idref="fl-2a"/>
      </object_component>
      <object_component id="oc-119">
         <name>.const:_initial_approx$1</name>
         <load_address>0xa9ac</load_address>
         <run_address>0xa9ac</run_address>
         <size>0x10</size>
         <input_file_ref idref="fl-1c"/>
      </object_component>
      <object_component id="oc-16">
         <name>.const</name>
         <load_address>0xa9bc</load_address>
         <run_address>0xa9bc</run_address>
         <size>0x10</size>
         <input_file_ref idref="fl-2"/>
      </object_component>
      <object_component id="oc-b6">
         <name>.const</name>
         <load_address>0xa9cc</load_address>
         <run_address>0xa9cc</run_address>
         <size>0x10</size>
         <input_file_ref idref="fl-3b"/>
      </object_component>
      <object_component id="oc-61">
         <name>.const</name>
         <load_address>0xa9dc</load_address>
         <run_address>0xa9dc</run_address>
         <size>0x10</size>
         <input_file_ref idref="fl-28"/>
      </object_component>
      <object_component id="oc-17">
         <name>.const:.string</name>
         <load_address>0xa9ec</load_address>
         <run_address>0xa9ec</run_address>
         <size>0xe</size>
         <input_file_ref idref="fl-2"/>
      </object_component>
      <object_component id="oc-50">
         <name>.const</name>
         <load_address>0xa9fc</load_address>
         <run_address>0xa9fc</run_address>
         <size>0xc</size>
         <input_file_ref idref="fl-24"/>
      </object_component>
      <object_component id="oc-76">
         <name>.const</name>
         <load_address>0xaa08</load_address>
         <run_address>0xaa08</run_address>
         <size>0x8</size>
         <input_file_ref idref="fl-2c"/>
      </object_component>
      <object_component id="oc-ad">
         <name>.const:.string</name>
         <load_address>0xaa10</load_address>
         <run_address>0xaa10</run_address>
         <size>0x4</size>
         <input_file_ref idref="fl-39"/>
      </object_component>
      <object_component id="oc-43">
         <name>.const</name>
         <load_address>0xaa14</load_address>
         <run_address>0xaa14</run_address>
         <size>0x4</size>
         <input_file_ref idref="fl-21"/>
      </object_component>
      <object_component id="oc-10d">
         <name>.sysmem</name>
         <uninitialized>true</uninitialized>
         <run_address>0x71d8</run_address>
         <size>0x0</size>
         <input_file_ref idref="fl-4e"/>
      </object_component>
      <object_component id="oc-135">
         <name>.sysmem</name>
         <uninitialized>true</uninitialized>
         <run_address>0x71d8</run_address>
         <size>0x0</size>
      </object_component>
      <object_component id="oc-c9">
         <name>.cinit</name>
         <load_address>0xac58</load_address>
         <run_address>0xac58</run_address>
         <size>0x5a</size>
         <input_file_ref idref="fl-3f"/>
      </object_component>
      <object_component id="oc-9d">
         <name>.cinit</name>
         <load_address>0xacb2</load_address>
         <run_address>0xacb2</run_address>
         <size>0x54</size>
         <input_file_ref idref="fl-35"/>
      </object_component>
      <object_component id="oc-26">
         <name>.cinit</name>
         <load_address>0xad06</load_address>
         <run_address>0xad06</run_address>
         <size>0x16</size>
         <input_file_ref idref="fl-1b"/>
      </object_component>
      <object_component id="oc-67">
         <name>.cinit</name>
         <load_address>0xad1c</load_address>
         <run_address>0xad1c</run_address>
         <size>0x16</size>
         <input_file_ref idref="fl-29"/>
      </object_component>
      <object_component id="oc-80">
         <name>.cinit</name>
         <load_address>0xad32</load_address>
         <run_address>0xad32</run_address>
         <size>0x14</size>
         <input_file_ref idref="fl-2e"/>
      </object_component>
      <object_component id="oc-31">
         <name>.cinit</name>
         <load_address>0xad46</load_address>
         <run_address>0xad46</run_address>
         <size>0x14</size>
         <input_file_ref idref="fl-1d"/>
      </object_component>
      <object_component id="oc-a5">
         <name>.cinit</name>
         <load_address>0xad5a</load_address>
         <run_address>0xad5a</run_address>
         <size>0x8</size>
         <input_file_ref idref="fl-37"/>
      </object_component>
      <object_component id="oc-106">
         <name>.cinit</name>
         <load_address>0xad62</load_address>
         <run_address>0xad62</run_address>
         <size>0x8</size>
         <input_file_ref idref="fl-4d"/>
      </object_component>
      <object_component id="oc-10c">
         <name>.cinit</name>
         <load_address>0xad6a</load_address>
         <run_address>0xad6a</run_address>
         <size>0x8</size>
         <input_file_ref idref="fl-4e"/>
      </object_component>
      <object_component id="oc-e7">
         <name>.cio</name>
         <uninitialized>true</uninitialized>
         <run_address>0xaa18</run_address>
         <size>0x240</size>
         <input_file_ref idref="fl-46"/>
      </object_component>
      <object_component id="oc-13">
         <name>vectors</name>
         <load_address>0xfe00</load_address>
         <run_address>0xfe00</run_address>
         <size>0x100</size>
         <input_file_ref idref="fl-2d"/>
      </object_component>
      <object_component id="oc-15">
         <name>.debug_info</name>
         <load_address>0x0</load_address>
         <run_address>0x0</run_address>
         <size>0x1327</size>
         <input_file_ref idref="fl-2"/>
      </object_component>
      <object_component id="oc-1c">
         <name>.debug_info</name>
         <load_address>0x1327</load_address>
         <run_address>0x1327</run_address>
         <size>0x5ab</size>
         <input_file_ref idref="fl-19"/>
      </object_component>
      <object_component id="oc-20">
         <name>.debug_info</name>
         <load_address>0x18d2</load_address>
         <run_address>0x18d2</run_address>
         <size>0xe8</size>
         <input_file_ref idref="fl-1a"/>
      </object_component>
      <object_component id="oc-25">
         <name>.debug_info</name>
         <load_address>0x19ba</load_address>
         <run_address>0x19ba</run_address>
         <size>0x716</size>
         <input_file_ref idref="fl-1b"/>
      </object_component>
      <object_component id="oc-2b">
         <name>.debug_info</name>
         <load_address>0x20d0</load_address>
         <run_address>0x20d0</run_address>
         <size>0x7e8</size>
         <input_file_ref idref="fl-1c"/>
      </object_component>
      <object_component id="oc-30">
         <name>.debug_info</name>
         <load_address>0x28b8</load_address>
         <run_address>0x28b8</run_address>
         <size>0x5fb</size>
         <input_file_ref idref="fl-1d"/>
      </object_component>
      <object_component id="oc-36">
         <name>.debug_info</name>
         <load_address>0x2eb3</load_address>
         <run_address>0x2eb3</run_address>
         <size>0x4cf</size>
         <input_file_ref idref="fl-1e"/>
      </object_component>
      <object_component id="oc-3a">
         <name>.debug_info</name>
         <load_address>0x3382</load_address>
         <run_address>0x3382</run_address>
         <size>0x534</size>
         <input_file_ref idref="fl-1f"/>
      </object_component>
      <object_component id="oc-3e">
         <name>.debug_info</name>
         <load_address>0x38b6</load_address>
         <run_address>0x38b6</run_address>
         <size>0x4cf</size>
         <input_file_ref idref="fl-20"/>
      </object_component>
      <object_component id="oc-42">
         <name>.debug_info</name>
         <load_address>0x3d85</load_address>
         <run_address>0x3d85</run_address>
         <size>0x549</size>
         <input_file_ref idref="fl-21"/>
      </object_component>
      <object_component id="oc-47">
         <name>.debug_info</name>
         <load_address>0x42ce</load_address>
         <run_address>0x42ce</run_address>
         <size>0x53e</size>
         <input_file_ref idref="fl-22"/>
      </object_component>
      <object_component id="oc-4b">
         <name>.debug_info</name>
         <load_address>0x480c</load_address>
         <run_address>0x480c</run_address>
         <size>0xbd</size>
         <input_file_ref idref="fl-23"/>
      </object_component>
      <object_component id="oc-4f">
         <name>.debug_info</name>
         <load_address>0x48c9</load_address>
         <run_address>0x48c9</run_address>
         <size>0x50c</size>
         <input_file_ref idref="fl-24"/>
      </object_component>
      <object_component id="oc-54">
         <name>.debug_info</name>
         <load_address>0x4dd5</load_address>
         <run_address>0x4dd5</run_address>
         <size>0x55b</size>
         <input_file_ref idref="fl-25"/>
      </object_component>
      <object_component id="oc-58">
         <name>.debug_info</name>
         <load_address>0x5330</load_address>
         <run_address>0x5330</run_address>
         <size>0x4b7</size>
         <input_file_ref idref="fl-26"/>
      </object_component>
      <object_component id="oc-5c">
         <name>.debug_info</name>
         <load_address>0x57e7</load_address>
         <run_address>0x57e7</run_address>
         <size>0x76c</size>
         <input_file_ref idref="fl-27"/>
      </object_component>
      <object_component id="oc-60">
         <name>.debug_info</name>
         <load_address>0x5f53</load_address>
         <run_address>0x5f53</run_address>
         <size>0x52e</size>
         <input_file_ref idref="fl-28"/>
      </object_component>
      <object_component id="oc-66">
         <name>.debug_info</name>
         <load_address>0x6481</load_address>
         <run_address>0x6481</run_address>
         <size>0x6ef</size>
         <input_file_ref idref="fl-29"/>
      </object_component>
      <object_component id="oc-6c">
         <name>.debug_info</name>
         <load_address>0x6b70</load_address>
         <run_address>0x6b70</run_address>
         <size>0x7fc</size>
         <input_file_ref idref="fl-2a"/>
      </object_component>
      <object_component id="oc-71">
         <name>.debug_info</name>
         <load_address>0x736c</load_address>
         <run_address>0x736c</run_address>
         <size>0x4de</size>
         <input_file_ref idref="fl-2b"/>
      </object_component>
      <object_component id="oc-75">
         <name>.debug_info</name>
         <load_address>0x784a</load_address>
         <run_address>0x784a</run_address>
         <size>0x521</size>
         <input_file_ref idref="fl-2c"/>
      </object_component>
      <object_component id="oc-7a">
         <name>.debug_info</name>
         <load_address>0x7d6b</load_address>
         <run_address>0x7d6b</run_address>
         <size>0xbc</size>
         <input_file_ref idref="fl-2d"/>
      </object_component>
      <object_component id="oc-7f">
         <name>.debug_info</name>
         <load_address>0x7e27</load_address>
         <run_address>0x7e27</run_address>
         <size>0x5bc</size>
         <input_file_ref idref="fl-2e"/>
      </object_component>
      <object_component id="oc-84">
         <name>.debug_info</name>
         <load_address>0x83e3</load_address>
         <run_address>0x83e3</run_address>
         <size>0x27bd</size>
         <input_file_ref idref="fl-2f"/>
      </object_component>
      <object_component id="oc-8a">
         <name>.debug_info</name>
         <load_address>0xaba0</load_address>
         <run_address>0xaba0</run_address>
         <size>0x586</size>
         <input_file_ref idref="fl-30"/>
      </object_component>
      <object_component id="oc-8e">
         <name>.debug_info</name>
         <load_address>0xb126</load_address>
         <run_address>0xb126</run_address>
         <size>0x5a4</size>
         <input_file_ref idref="fl-31"/>
      </object_component>
      <object_component id="oc-92">
         <name>.debug_info</name>
         <load_address>0xb6ca</load_address>
         <run_address>0xb6ca</run_address>
         <size>0xcd</size>
         <input_file_ref idref="fl-32"/>
      </object_component>
      <object_component id="oc-96">
         <name>.debug_info</name>
         <load_address>0xb797</load_address>
         <run_address>0xb797</run_address>
         <size>0x81f</size>
         <input_file_ref idref="fl-33"/>
      </object_component>
      <object_component id="oc-99">
         <name>.debug_info</name>
         <load_address>0xbfb6</load_address>
         <run_address>0xbfb6</run_address>
         <size>0x498</size>
         <input_file_ref idref="fl-34"/>
      </object_component>
      <object_component id="oc-9c">
         <name>.debug_info</name>
         <load_address>0xc44e</load_address>
         <run_address>0xc44e</run_address>
         <size>0x57e</size>
         <input_file_ref idref="fl-35"/>
      </object_component>
      <object_component id="oc-a0">
         <name>.debug_info</name>
         <load_address>0xc9cc</load_address>
         <run_address>0xc9cc</run_address>
         <size>0x534</size>
         <input_file_ref idref="fl-36"/>
      </object_component>
      <object_component id="oc-a4">
         <name>.debug_info</name>
         <load_address>0xcf00</load_address>
         <run_address>0xcf00</run_address>
         <size>0x47b</size>
         <input_file_ref idref="fl-37"/>
      </object_component>
      <object_component id="oc-a8">
         <name>.debug_info</name>
         <load_address>0xd37b</load_address>
         <run_address>0xd37b</run_address>
         <size>0x6aa</size>
         <input_file_ref idref="fl-38"/>
      </object_component>
      <object_component id="oc-ac">
         <name>.debug_info</name>
         <load_address>0xda25</load_address>
         <run_address>0xda25</run_address>
         <size>0x942</size>
         <input_file_ref idref="fl-39"/>
      </object_component>
      <object_component id="oc-b1">
         <name>.debug_info</name>
         <load_address>0xe367</load_address>
         <run_address>0xe367</run_address>
         <size>0x4d2</size>
         <input_file_ref idref="fl-3a"/>
      </object_component>
      <object_component id="oc-b5">
         <name>.debug_info</name>
         <load_address>0xe839</load_address>
         <run_address>0xe839</run_address>
         <size>0x518</size>
         <input_file_ref idref="fl-3b"/>
      </object_component>
      <object_component id="oc-ba">
         <name>.debug_info</name>
         <load_address>0xed51</load_address>
         <run_address>0xed51</run_address>
         <size>0x680</size>
         <input_file_ref idref="fl-3c"/>
      </object_component>
      <object_component id="oc-be">
         <name>.debug_info</name>
         <load_address>0xf3d1</load_address>
         <run_address>0xf3d1</run_address>
         <size>0x50e</size>
         <input_file_ref idref="fl-3d"/>
      </object_component>
      <object_component id="oc-c3">
         <name>.debug_info</name>
         <load_address>0xf8df</load_address>
         <run_address>0xf8df</run_address>
         <size>0x7d4</size>
         <input_file_ref idref="fl-3e"/>
      </object_component>
      <object_component id="oc-c8">
         <name>.debug_info</name>
         <load_address>0x100b3</load_address>
         <run_address>0x100b3</run_address>
         <size>0x144b</size>
         <input_file_ref idref="fl-3f"/>
      </object_component>
      <object_component id="oc-cd">
         <name>.debug_info</name>
         <load_address>0x114fe</load_address>
         <run_address>0x114fe</run_address>
         <size>0x5ad</size>
         <input_file_ref idref="fl-40"/>
      </object_component>
      <object_component id="oc-d1">
         <name>.debug_info</name>
         <load_address>0x11aab</load_address>
         <run_address>0x11aab</run_address>
         <size>0x574</size>
         <input_file_ref idref="fl-41"/>
      </object_component>
      <object_component id="oc-d5">
         <name>.debug_info</name>
         <load_address>0x1201f</load_address>
         <run_address>0x1201f</run_address>
         <size>0xd1</size>
         <input_file_ref idref="fl-42"/>
      </object_component>
      <object_component id="oc-d9">
         <name>.debug_info</name>
         <load_address>0x120f0</load_address>
         <run_address>0x120f0</run_address>
         <size>0x4f2</size>
         <input_file_ref idref="fl-43"/>
      </object_component>
      <object_component id="oc-dd">
         <name>.debug_info</name>
         <load_address>0x125e2</load_address>
         <run_address>0x125e2</run_address>
         <size>0x534</size>
         <input_file_ref idref="fl-44"/>
      </object_component>
      <object_component id="oc-e2">
         <name>.debug_info</name>
         <load_address>0x12b16</load_address>
         <run_address>0x12b16</run_address>
         <size>0xed4</size>
         <input_file_ref idref="fl-45"/>
      </object_component>
      <object_component id="oc-e6">
         <name>.debug_info</name>
         <load_address>0x139ea</load_address>
         <run_address>0x139ea</run_address>
         <size>0x744</size>
         <input_file_ref idref="fl-46"/>
      </object_component>
      <object_component id="oc-ec">
         <name>.debug_info</name>
         <load_address>0x1412e</load_address>
         <run_address>0x1412e</run_address>
         <size>0xef</size>
         <input_file_ref idref="fl-47"/>
      </object_component>
      <object_component id="oc-f0">
         <name>.debug_info</name>
         <load_address>0x1421d</load_address>
         <run_address>0x1421d</run_address>
         <size>0x662</size>
         <input_file_ref idref="fl-48"/>
      </object_component>
      <object_component id="oc-f4">
         <name>.debug_info</name>
         <load_address>0x1487f</load_address>
         <run_address>0x1487f</run_address>
         <size>0x4f2</size>
         <input_file_ref idref="fl-49"/>
      </object_component>
      <object_component id="oc-f8">
         <name>.debug_info</name>
         <load_address>0x14d71</load_address>
         <run_address>0x14d71</run_address>
         <size>0x706</size>
         <input_file_ref idref="fl-4a"/>
      </object_component>
      <object_component id="oc-fc">
         <name>.debug_info</name>
         <load_address>0x15477</load_address>
         <run_address>0x15477</run_address>
         <size>0x5f7</size>
         <input_file_ref idref="fl-4b"/>
      </object_component>
      <object_component id="oc-100">
         <name>.debug_info</name>
         <load_address>0x15a6e</load_address>
         <run_address>0x15a6e</run_address>
         <size>0x64a</size>
         <input_file_ref idref="fl-4c"/>
      </object_component>
      <object_component id="oc-105">
         <name>.debug_info</name>
         <load_address>0x160b8</load_address>
         <run_address>0x160b8</run_address>
         <size>0xa1c</size>
         <input_file_ref idref="fl-4d"/>
      </object_component>
      <object_component id="oc-10b">
         <name>.debug_info</name>
         <load_address>0x16ad4</load_address>
         <run_address>0x16ad4</run_address>
         <size>0xb97</size>
         <input_file_ref idref="fl-4e"/>
      </object_component>
      <object_component id="oc-111">
         <name>.debug_info</name>
         <load_address>0x1766b</load_address>
         <run_address>0x1766b</run_address>
         <size>0x64f</size>
         <input_file_ref idref="fl-4f"/>
      </object_component>
      <object_component id="oc-115">
         <name>.debug_info</name>
         <load_address>0x17cba</load_address>
         <run_address>0x17cba</run_address>
         <size>0x510</size>
         <input_file_ref idref="fl-50"/>
      </object_component>
      <object_component id="oc-13d">
         <name>.debug_info</name>
         <load_address>0x181ca</load_address>
         <run_address>0x181ca</run_address>
         <size>0x6e</size>
      </object_component>
      <object_component id="oc-18">
         <name>.debug_frame</name>
         <load_address>0x0</load_address>
         <run_address>0x0</run_address>
         <size>0x1c2</size>
         <input_file_ref idref="fl-2"/>
      </object_component>
      <object_component id="oc-19">
         <name>.debug_line</name>
         <load_address>0x0</load_address>
         <run_address>0x0</run_address>
         <size>0x1db</size>
         <input_file_ref idref="fl-2"/>
      </object_component>
      <object_component id="oc-1d">
         <name>.debug_line</name>
         <load_address>0x1db</load_address>
         <run_address>0x1db</run_address>
         <size>0x5c</size>
         <input_file_ref idref="fl-19"/>
      </object_component>
      <object_component id="oc-21">
         <name>.debug_line</name>
         <load_address>0x237</load_address>
         <run_address>0x237</run_address>
         <size>0x54</size>
         <input_file_ref idref="fl-1a"/>
      </object_component>
      <object_component id="oc-28">
         <name>.debug_line</name>
         <load_address>0x28b</load_address>
         <run_address>0x28b</run_address>
         <size>0x54</size>
         <input_file_ref idref="fl-1b"/>
      </object_component>
      <object_component id="oc-2c">
         <name>.debug_line</name>
         <load_address>0x2df</load_address>
         <run_address>0x2df</run_address>
         <size>0x5b</size>
         <input_file_ref idref="fl-1c"/>
      </object_component>
      <object_component id="oc-33">
         <name>.debug_line</name>
         <load_address>0x33a</load_address>
         <run_address>0x33a</run_address>
         <size>0x51</size>
         <input_file_ref idref="fl-1d"/>
      </object_component>
      <object_component id="oc-37">
         <name>.debug_line</name>
         <load_address>0x38b</load_address>
         <run_address>0x38b</run_address>
         <size>0x3d</size>
         <input_file_ref idref="fl-1e"/>
      </object_component>
      <object_component id="oc-3b">
         <name>.debug_line</name>
         <load_address>0x3c8</load_address>
         <run_address>0x3c8</run_address>
         <size>0x3d</size>
         <input_file_ref idref="fl-1f"/>
      </object_component>
      <object_component id="oc-3f">
         <name>.debug_line</name>
         <load_address>0x405</load_address>
         <run_address>0x405</run_address>
         <size>0x3d</size>
         <input_file_ref idref="fl-20"/>
      </object_component>
      <object_component id="oc-44">
         <name>.debug_line</name>
         <load_address>0x442</load_address>
         <run_address>0x442</run_address>
         <size>0x44</size>
         <input_file_ref idref="fl-21"/>
      </object_component>
      <object_component id="oc-48">
         <name>.debug_line</name>
         <load_address>0x486</load_address>
         <run_address>0x486</run_address>
         <size>0x40</size>
         <input_file_ref idref="fl-22"/>
      </object_component>
      <object_component id="oc-4c">
         <name>.debug_line</name>
         <load_address>0x4c6</load_address>
         <run_address>0x4c6</run_address>
         <size>0x3c</size>
         <input_file_ref idref="fl-23"/>
      </object_component>
      <object_component id="oc-51">
         <name>.debug_line</name>
         <load_address>0x502</load_address>
         <run_address>0x502</run_address>
         <size>0x3c</size>
         <input_file_ref idref="fl-24"/>
      </object_component>
      <object_component id="oc-55">
         <name>.debug_line</name>
         <load_address>0x53e</load_address>
         <run_address>0x53e</run_address>
         <size>0x3c</size>
         <input_file_ref idref="fl-25"/>
      </object_component>
      <object_component id="oc-59">
         <name>.debug_line</name>
         <load_address>0x57a</load_address>
         <run_address>0x57a</run_address>
         <size>0x37</size>
         <input_file_ref idref="fl-26"/>
      </object_component>
      <object_component id="oc-5d">
         <name>.debug_line</name>
         <load_address>0x5b1</load_address>
         <run_address>0x5b1</run_address>
         <size>0x69</size>
         <input_file_ref idref="fl-27"/>
      </object_component>
      <object_component id="oc-62">
         <name>.debug_line</name>
         <load_address>0x61a</load_address>
         <run_address>0x61a</run_address>
         <size>0x3a</size>
         <input_file_ref idref="fl-28"/>
      </object_component>
      <object_component id="oc-69">
         <name>.debug_line</name>
         <load_address>0x654</load_address>
         <run_address>0x654</run_address>
         <size>0x54</size>
         <input_file_ref idref="fl-29"/>
      </object_component>
      <object_component id="oc-6e">
         <name>.debug_line</name>
         <load_address>0x6a8</load_address>
         <run_address>0x6a8</run_address>
         <size>0x53</size>
         <input_file_ref idref="fl-2a"/>
      </object_component>
      <object_component id="oc-72">
         <name>.debug_line</name>
         <load_address>0x6fb</load_address>
         <run_address>0x6fb</run_address>
         <size>0x37</size>
         <input_file_ref idref="fl-2b"/>
      </object_component>
      <object_component id="oc-77">
         <name>.debug_line</name>
         <load_address>0x732</load_address>
         <run_address>0x732</run_address>
         <size>0x38</size>
         <input_file_ref idref="fl-2c"/>
      </object_component>
      <object_component id="oc-7b">
         <name>.debug_line</name>
         <load_address>0x76a</load_address>
         <run_address>0x76a</run_address>
         <size>0x37</size>
         <input_file_ref idref="fl-2d"/>
      </object_component>
      <object_component id="oc-81">
         <name>.debug_line</name>
         <load_address>0x7a1</load_address>
         <run_address>0x7a1</run_address>
         <size>0x57</size>
         <input_file_ref idref="fl-2e"/>
      </object_component>
      <object_component id="oc-87">
         <name>.debug_line</name>
         <load_address>0x7f8</load_address>
         <run_address>0x7f8</run_address>
         <size>0x328</size>
         <input_file_ref idref="fl-2f"/>
      </object_component>
      <object_component id="oc-8b">
         <name>.debug_line</name>
         <load_address>0xb20</load_address>
         <run_address>0xb20</run_address>
         <size>0x41</size>
         <input_file_ref idref="fl-30"/>
      </object_component>
      <object_component id="oc-8f">
         <name>.debug_line</name>
         <load_address>0xb61</load_address>
         <run_address>0xb61</run_address>
         <size>0x46</size>
         <input_file_ref idref="fl-31"/>
      </object_component>
      <object_component id="oc-93">
         <name>.debug_line</name>
         <load_address>0xba7</load_address>
         <run_address>0xba7</run_address>
         <size>0x55</size>
         <input_file_ref idref="fl-32"/>
      </object_component>
      <object_component id="oc-97">
         <name>.debug_line</name>
         <load_address>0xbfc</load_address>
         <run_address>0xbfc</run_address>
         <size>0xad</size>
         <input_file_ref idref="fl-33"/>
      </object_component>
      <object_component id="oc-a1">
         <name>.debug_line</name>
         <load_address>0xca9</load_address>
         <run_address>0xca9</run_address>
         <size>0x44</size>
         <input_file_ref idref="fl-36"/>
      </object_component>
      <object_component id="oc-a9">
         <name>.debug_line</name>
         <load_address>0xced</load_address>
         <run_address>0xced</run_address>
         <size>0x56</size>
         <input_file_ref idref="fl-38"/>
      </object_component>
      <object_component id="oc-ae">
         <name>.debug_line</name>
         <load_address>0xd43</load_address>
         <run_address>0xd43</run_address>
         <size>0xa8</size>
         <input_file_ref idref="fl-39"/>
      </object_component>
      <object_component id="oc-b2">
         <name>.debug_line</name>
         <load_address>0xdeb</load_address>
         <run_address>0xdeb</run_address>
         <size>0x3a</size>
         <input_file_ref idref="fl-3a"/>
      </object_component>
      <object_component id="oc-b7">
         <name>.debug_line</name>
         <load_address>0xe25</load_address>
         <run_address>0xe25</run_address>
         <size>0x3a</size>
         <input_file_ref idref="fl-3b"/>
      </object_component>
      <object_component id="oc-bb">
         <name>.debug_line</name>
         <load_address>0xe5f</load_address>
         <run_address>0xe5f</run_address>
         <size>0x38</size>
         <input_file_ref idref="fl-3c"/>
      </object_component>
      <object_component id="oc-c0">
         <name>.debug_line</name>
         <load_address>0xe97</load_address>
         <run_address>0xe97</run_address>
         <size>0x3a</size>
         <input_file_ref idref="fl-3d"/>
      </object_component>
      <object_component id="oc-c4">
         <name>.debug_line</name>
         <load_address>0xed1</load_address>
         <run_address>0xed1</run_address>
         <size>0xa8</size>
         <input_file_ref idref="fl-3e"/>
      </object_component>
      <object_component id="oc-ca">
         <name>.debug_line</name>
         <load_address>0xf79</load_address>
         <run_address>0xf79</run_address>
         <size>0x1b0</size>
         <input_file_ref idref="fl-3f"/>
      </object_component>
      <object_component id="oc-ce">
         <name>.debug_line</name>
         <load_address>0x1129</load_address>
         <run_address>0x1129</run_address>
         <size>0x40</size>
         <input_file_ref idref="fl-40"/>
      </object_component>
      <object_component id="oc-d2">
         <name>.debug_line</name>
         <load_address>0x1169</load_address>
         <run_address>0x1169</run_address>
         <size>0x3c</size>
         <input_file_ref idref="fl-41"/>
      </object_component>
      <object_component id="oc-d6">
         <name>.debug_line</name>
         <load_address>0x11a5</load_address>
         <run_address>0x11a5</run_address>
         <size>0x4d</size>
         <input_file_ref idref="fl-42"/>
      </object_component>
      <object_component id="oc-da">
         <name>.debug_line</name>
         <load_address>0x11f2</load_address>
         <run_address>0x11f2</run_address>
         <size>0x3c</size>
         <input_file_ref idref="fl-43"/>
      </object_component>
      <object_component id="oc-de">
         <name>.debug_line</name>
         <load_address>0x122e</load_address>
         <run_address>0x122e</run_address>
         <size>0x44</size>
         <input_file_ref idref="fl-44"/>
      </object_component>
      <object_component id="oc-e3">
         <name>.debug_line</name>
         <load_address>0x1272</load_address>
         <run_address>0x1272</run_address>
         <size>0x15d</size>
         <input_file_ref idref="fl-45"/>
      </object_component>
      <object_component id="oc-e9">
         <name>.debug_line</name>
         <load_address>0x13cf</load_address>
         <run_address>0x13cf</run_address>
         <size>0x6a</size>
         <input_file_ref idref="fl-46"/>
      </object_component>
      <object_component id="oc-ed">
         <name>.debug_line</name>
         <load_address>0x1439</load_address>
         <run_address>0x1439</run_address>
         <size>0x58</size>
         <input_file_ref idref="fl-47"/>
      </object_component>
      <object_component id="oc-f1">
         <name>.debug_line</name>
         <load_address>0x1491</load_address>
         <run_address>0x1491</run_address>
         <size>0x57</size>
         <input_file_ref idref="fl-48"/>
      </object_component>
      <object_component id="oc-f5">
         <name>.debug_line</name>
         <load_address>0x14e8</load_address>
         <run_address>0x14e8</run_address>
         <size>0x3c</size>
         <input_file_ref idref="fl-49"/>
      </object_component>
      <object_component id="oc-f9">
         <name>.debug_line</name>
         <load_address>0x1524</load_address>
         <run_address>0x1524</run_address>
         <size>0x5b</size>
         <input_file_ref idref="fl-4a"/>
      </object_component>
      <object_component id="oc-fd">
         <name>.debug_line</name>
         <load_address>0x157f</load_address>
         <run_address>0x157f</run_address>
         <size>0x3c</size>
         <input_file_ref idref="fl-4b"/>
      </object_component>
      <object_component id="oc-101">
         <name>.debug_line</name>
         <load_address>0x15bb</load_address>
         <run_address>0x15bb</run_address>
         <size>0x3f</size>
         <input_file_ref idref="fl-4c"/>
      </object_component>
      <object_component id="oc-107">
         <name>.debug_line</name>
         <load_address>0x15fa</load_address>
         <run_address>0x15fa</run_address>
         <size>0xd7</size>
         <input_file_ref idref="fl-4d"/>
      </object_component>
      <object_component id="oc-10e">
         <name>.debug_line</name>
         <load_address>0x16d1</load_address>
         <run_address>0x16d1</run_address>
         <size>0x112</size>
         <input_file_ref idref="fl-4e"/>
      </object_component>
      <object_component id="oc-112">
         <name>.debug_line</name>
         <load_address>0x17e3</load_address>
         <run_address>0x17e3</run_address>
         <size>0x3d</size>
         <input_file_ref idref="fl-4f"/>
      </object_component>
      <object_component id="oc-116">
         <name>.debug_line</name>
         <load_address>0x1820</load_address>
         <run_address>0x1820</run_address>
         <size>0x39</size>
         <input_file_ref idref="fl-50"/>
      </object_component>
      <object_component id="oc-1a">
         <name>.debug_abbrev</name>
         <load_address>0x0</load_address>
         <run_address>0x0</run_address>
         <size>0x18c</size>
         <input_file_ref idref="fl-2"/>
      </object_component>
      <object_component id="oc-1e">
         <name>.debug_abbrev</name>
         <load_address>0x18c</load_address>
         <run_address>0x18c</run_address>
         <size>0xd4</size>
         <input_file_ref idref="fl-19"/>
      </object_component>
      <object_component id="oc-22">
         <name>.debug_abbrev</name>
         <load_address>0x260</load_address>
         <run_address>0x260</run_address>
         <size>0x3a</size>
         <input_file_ref idref="fl-1a"/>
      </object_component>
      <object_component id="oc-29">
         <name>.debug_abbrev</name>
         <load_address>0x29a</load_address>
         <run_address>0x29a</run_address>
         <size>0xcc</size>
         <input_file_ref idref="fl-1b"/>
      </object_component>
      <object_component id="oc-2d">
         <name>.debug_abbrev</name>
         <load_address>0x366</load_address>
         <run_address>0x366</run_address>
         <size>0x112</size>
         <input_file_ref idref="fl-1c"/>
      </object_component>
      <object_component id="oc-34">
         <name>.debug_abbrev</name>
         <load_address>0x478</load_address>
         <run_address>0x478</run_address>
         <size>0xf7</size>
         <input_file_ref idref="fl-1d"/>
      </object_component>
      <object_component id="oc-38">
         <name>.debug_abbrev</name>
         <load_address>0x56f</load_address>
         <run_address>0x56f</run_address>
         <size>0x8f</size>
         <input_file_ref idref="fl-1e"/>
      </object_component>
      <object_component id="oc-3c">
         <name>.debug_abbrev</name>
         <load_address>0x5fe</load_address>
         <run_address>0x5fe</run_address>
         <size>0xb7</size>
         <input_file_ref idref="fl-1f"/>
      </object_component>
      <object_component id="oc-40">
         <name>.debug_abbrev</name>
         <load_address>0x6b5</load_address>
         <run_address>0x6b5</run_address>
         <size>0x8f</size>
         <input_file_ref idref="fl-20"/>
      </object_component>
      <object_component id="oc-45">
         <name>.debug_abbrev</name>
         <load_address>0x744</load_address>
         <run_address>0x744</run_address>
         <size>0xc2</size>
         <input_file_ref idref="fl-21"/>
      </object_component>
      <object_component id="oc-49">
         <name>.debug_abbrev</name>
         <load_address>0x806</load_address>
         <run_address>0x806</run_address>
         <size>0x9a</size>
         <input_file_ref idref="fl-22"/>
      </object_component>
      <object_component id="oc-4d">
         <name>.debug_abbrev</name>
         <load_address>0x8a0</load_address>
         <run_address>0x8a0</run_address>
         <size>0x38</size>
         <input_file_ref idref="fl-23"/>
      </object_component>
      <object_component id="oc-52">
         <name>.debug_abbrev</name>
         <load_address>0x8d8</load_address>
         <run_address>0x8d8</run_address>
         <size>0x98</size>
         <input_file_ref idref="fl-24"/>
      </object_component>
      <object_component id="oc-56">
         <name>.debug_abbrev</name>
         <load_address>0x970</load_address>
         <run_address>0x970</run_address>
         <size>0xdc</size>
         <input_file_ref idref="fl-25"/>
      </object_component>
      <object_component id="oc-5a">
         <name>.debug_abbrev</name>
         <load_address>0xa4c</load_address>
         <run_address>0xa4c</run_address>
         <size>0x81</size>
         <input_file_ref idref="fl-26"/>
      </object_component>
      <object_component id="oc-5e">
         <name>.debug_abbrev</name>
         <load_address>0xacd</load_address>
         <run_address>0xacd</run_address>
         <size>0x145</size>
         <input_file_ref idref="fl-27"/>
      </object_component>
      <object_component id="oc-63">
         <name>.debug_abbrev</name>
         <load_address>0xc12</load_address>
         <run_address>0xc12</run_address>
         <size>0xaf</size>
         <input_file_ref idref="fl-28"/>
      </object_component>
      <object_component id="oc-6a">
         <name>.debug_abbrev</name>
         <load_address>0xcc1</load_address>
         <run_address>0xcc1</run_address>
         <size>0xcc</size>
         <input_file_ref idref="fl-29"/>
      </object_component>
      <object_component id="oc-6f">
         <name>.debug_abbrev</name>
         <load_address>0xd8d</load_address>
         <run_address>0xd8d</run_address>
         <size>0x119</size>
         <input_file_ref idref="fl-2a"/>
      </object_component>
      <object_component id="oc-73">
         <name>.debug_abbrev</name>
         <load_address>0xea6</load_address>
         <run_address>0xea6</run_address>
         <size>0x8f</size>
         <input_file_ref idref="fl-2b"/>
      </object_component>
      <object_component id="oc-78">
         <name>.debug_abbrev</name>
         <load_address>0xf35</load_address>
         <run_address>0xf35</run_address>
         <size>0xaf</size>
         <input_file_ref idref="fl-2c"/>
      </object_component>
      <object_component id="oc-7c">
         <name>.debug_abbrev</name>
         <load_address>0xfe4</load_address>
         <run_address>0xfe4</run_address>
         <size>0x26</size>
         <input_file_ref idref="fl-2d"/>
      </object_component>
      <object_component id="oc-82">
         <name>.debug_abbrev</name>
         <load_address>0x100a</load_address>
         <run_address>0x100a</run_address>
         <size>0x9f</size>
         <input_file_ref idref="fl-2e"/>
      </object_component>
      <object_component id="oc-88">
         <name>.debug_abbrev</name>
         <load_address>0x10a9</load_address>
         <run_address>0x10a9</run_address>
         <size>0x1f8</size>
         <input_file_ref idref="fl-2f"/>
      </object_component>
      <object_component id="oc-8c">
         <name>.debug_abbrev</name>
         <load_address>0x12a1</load_address>
         <run_address>0x12a1</run_address>
         <size>0xec</size>
         <input_file_ref idref="fl-30"/>
      </object_component>
      <object_component id="oc-90">
         <name>.debug_abbrev</name>
         <load_address>0x138d</load_address>
         <run_address>0x138d</run_address>
         <size>0xd5</size>
         <input_file_ref idref="fl-31"/>
      </object_component>
      <object_component id="oc-94">
         <name>.debug_abbrev</name>
         <load_address>0x1462</load_address>
         <run_address>0x1462</run_address>
         <size>0x44</size>
         <input_file_ref idref="fl-32"/>
      </object_component>
      <object_component id="oc-98">
         <name>.debug_abbrev</name>
         <load_address>0x14a6</load_address>
         <run_address>0x14a6</run_address>
         <size>0xb7</size>
         <input_file_ref idref="fl-33"/>
      </object_component>
      <object_component id="oc-9a">
         <name>.debug_abbrev</name>
         <load_address>0x155d</load_address>
         <run_address>0x155d</run_address>
         <size>0x68</size>
         <input_file_ref idref="fl-34"/>
      </object_component>
      <object_component id="oc-9e">
         <name>.debug_abbrev</name>
         <load_address>0x15c5</load_address>
         <run_address>0x15c5</run_address>
         <size>0x83</size>
         <input_file_ref idref="fl-35"/>
      </object_component>
      <object_component id="oc-a2">
         <name>.debug_abbrev</name>
         <load_address>0x1648</load_address>
         <run_address>0x1648</run_address>
         <size>0xb5</size>
         <input_file_ref idref="fl-36"/>
      </object_component>
      <object_component id="oc-a6">
         <name>.debug_abbrev</name>
         <load_address>0x16fd</load_address>
         <run_address>0x16fd</run_address>
         <size>0x44</size>
         <input_file_ref idref="fl-37"/>
      </object_component>
      <object_component id="oc-aa">
         <name>.debug_abbrev</name>
         <load_address>0x1741</load_address>
         <run_address>0x1741</run_address>
         <size>0x103</size>
         <input_file_ref idref="fl-38"/>
      </object_component>
      <object_component id="oc-af">
         <name>.debug_abbrev</name>
         <load_address>0x1844</load_address>
         <run_address>0x1844</run_address>
         <size>0x140</size>
         <input_file_ref idref="fl-39"/>
      </object_component>
      <object_component id="oc-b3">
         <name>.debug_abbrev</name>
         <load_address>0x1984</load_address>
         <run_address>0x1984</run_address>
         <size>0x81</size>
         <input_file_ref idref="fl-3a"/>
      </object_component>
      <object_component id="oc-b8">
         <name>.debug_abbrev</name>
         <load_address>0x1a05</load_address>
         <run_address>0x1a05</run_address>
         <size>0xa8</size>
         <input_file_ref idref="fl-3b"/>
      </object_component>
      <object_component id="oc-bc">
         <name>.debug_abbrev</name>
         <load_address>0x1aad</load_address>
         <run_address>0x1aad</run_address>
         <size>0xd0</size>
         <input_file_ref idref="fl-3c"/>
      </object_component>
      <object_component id="oc-c1">
         <name>.debug_abbrev</name>
         <load_address>0x1b7d</load_address>
         <run_address>0x1b7d</run_address>
         <size>0x9f</size>
         <input_file_ref idref="fl-3d"/>
      </object_component>
      <object_component id="oc-c5">
         <name>.debug_abbrev</name>
         <load_address>0x1c1c</load_address>
         <run_address>0x1c1c</run_address>
         <size>0xb7</size>
         <input_file_ref idref="fl-3e"/>
      </object_component>
      <object_component id="oc-cb">
         <name>.debug_abbrev</name>
         <load_address>0x1cd3</load_address>
         <run_address>0x1cd3</run_address>
         <size>0x225</size>
         <input_file_ref idref="fl-3f"/>
      </object_component>
      <object_component id="oc-cf">
         <name>.debug_abbrev</name>
         <load_address>0x1ef8</load_address>
         <run_address>0x1ef8</run_address>
         <size>0xec</size>
         <input_file_ref idref="fl-40"/>
      </object_component>
      <object_component id="oc-d3">
         <name>.debug_abbrev</name>
         <load_address>0x1fe4</load_address>
         <run_address>0x1fe4</run_address>
         <size>0xb7</size>
         <input_file_ref idref="fl-41"/>
      </object_component>
      <object_component id="oc-d7">
         <name>.debug_abbrev</name>
         <load_address>0x209b</load_address>
         <run_address>0x209b</run_address>
         <size>0x38</size>
         <input_file_ref idref="fl-42"/>
      </object_component>
      <object_component id="oc-db">
         <name>.debug_abbrev</name>
         <load_address>0x20d3</load_address>
         <run_address>0x20d3</run_address>
         <size>0xa6</size>
         <input_file_ref idref="fl-43"/>
      </object_component>
      <object_component id="oc-df">
         <name>.debug_abbrev</name>
         <load_address>0x2179</load_address>
         <run_address>0x2179</run_address>
         <size>0xb5</size>
         <input_file_ref idref="fl-44"/>
      </object_component>
      <object_component id="oc-e4">
         <name>.debug_abbrev</name>
         <load_address>0x222e</load_address>
         <run_address>0x222e</run_address>
         <size>0x15a</size>
         <input_file_ref idref="fl-45"/>
      </object_component>
      <object_component id="oc-ea">
         <name>.debug_abbrev</name>
         <load_address>0x2388</load_address>
         <run_address>0x2388</run_address>
         <size>0xde</size>
         <input_file_ref idref="fl-46"/>
      </object_component>
      <object_component id="oc-ee">
         <name>.debug_abbrev</name>
         <load_address>0x2466</load_address>
         <run_address>0x2466</run_address>
         <size>0x38</size>
         <input_file_ref idref="fl-47"/>
      </object_component>
      <object_component id="oc-f2">
         <name>.debug_abbrev</name>
         <load_address>0x249e</load_address>
         <run_address>0x249e</run_address>
         <size>0xd1</size>
         <input_file_ref idref="fl-48"/>
      </object_component>
      <object_component id="oc-f6">
         <name>.debug_abbrev</name>
         <load_address>0x256f</load_address>
         <run_address>0x256f</run_address>
         <size>0xa6</size>
[...]
         <name>end</name>
         <value>0xffffffff</value>
      </symbol>
      <symbol id="sm-19">
         <name>___end__</name>
         <value>0xffffffff</value>
      </symbol>
      <symbol id="sm-a7">
         <name>_main</name>
         <value>0x1e2e</value>
         <object_component_ref idref="oc-14"/>
      </symbol>
      <symbol id="sm-a8">
         <name>_bitReverse128</name>
         <value>0x1a5e</value>
         <object_component_ref idref="oc-14"/>
      </symbol>
      <symbol id="sm-a9">
         <name>_dft</name>
         <value>0x18d2</value>
         <object_component_ref idref="oc-14"/>
      </symbol>
      <symbol id="sm-aa">
         <name>_absComplex</name>
         <value>0x1df5</value>
         <object_component_ref idref="oc-14"/>
      </symbol>
      <symbol id="sm-ab">
         <name>_hardCopycdouble</name>
         <value>0x1a3a</value>
         <object_component_ref idref="oc-14"/>
      </symbol>
      <symbol id="sm-ac">
         <name>_fftFrequencyDecimation</name>
         <value>0x1af1</value>
         <object_component_ref idref="oc-14"/>
      </symbol>
      <symbol id="sm-ad">
         <name>_fftFrequencyDecimation128p</name>
         <value>0x1d42</value>
         <object_component_ref idref="oc-14"/>
      </symbol>
      <symbol id="sm-b7">
         <name>__addd</name>
         <value>0x369e</value>
         <object_component_ref idref="oc-1b"/>
      </symbol>
      <symbol id="sm-c3">
         <name>__sysstack</name>
         <value>0x91d8</value>
         <object_component_ref idref="oc-118"/>
      </symbol>
      <symbol id="sm-c4">
         <name>_c_int00</name>
         <value>0x50a9</value>
         <object_component_ref idref="oc-12"/>
      </symbol>
      <symbol id="sm-c5">
         <name>__stack</name>
         <value>0x51d8</value>
         <object_component_ref idref="oc-1f"/>
      </symbol>
      <symbol id="sm-d6">
         <name>_cos</name>
         <value>0x38f8</value>
         <object_component_ref idref="oc-23"/>
      </symbol>
      <symbol id="sm-e2">
         <name>__divd</name>
         <value>0x2df5</value>
         <object_component_ref idref="oc-2a"/>
      </symbol>
      <symbol id="sm-f2">
         <name>C$$EXIT</name>
         <value>0x51ce</value>
         <object_component_ref idref="oc-32"/>
      </symbol>
      <symbol id="sm-f3">
         <name>_exit</name>
         <value>0x506b</value>
         <object_component_ref idref="oc-2e"/>
      </symbol>
      <symbol id="sm-f4">
         <name>_abort</name>
         <value>0x51cd</value>
         <object_component_ref idref="oc-32"/>
      </symbol>
      <symbol id="sm-f5">
         <name>__cleanup_ptr</name>
         <value>0xa6c4</value>
         <object_component_ref idref="oc-2f"/>
      </symbol>
      <symbol id="sm-f6">
         <name>__dtors_ptr</name>
         <value>0xa6c8</value>
         <object_component_ref idref="oc-2f"/>
      </symbol>
      <symbol id="sm-100">
         <name>__fixdi</name>
         <value>0x50dd</value>
         <object_component_ref idref="oc-35"/>
      </symbol>
      <symbol id="sm-10a">
         <name>__fixdli</name>
         <value>0x4c07</value>
         <object_component_ref idref="oc-39"/>
      </symbol>
      <symbol id="sm-114">
         <name>__fltid</name>
         <value>0x51b7</value>
         <object_component_ref idref="oc-3d"/>
      </symbol>
      <symbol id="sm-120">
         <name>__fltlid</name>
         <value>0x4d4e</value>
         <object_component_ref idref="oc-41"/>
      </symbol>
      <symbol id="sm-12a">
         <name>__frcmpyd_div</name>
         <value>0x4b22</value>
         <object_component_ref idref="oc-46"/>
      </symbol>
      <symbol id="sm-132">
         <name>__mpyli</name>
         <value>0x5182</value>
         <object_component_ref idref="oc-4a"/>
      </symbol>
      <symbol id="sm-133">
         <name>I$$LMPY</name>
         <value>0x5182</value>
         <object_component_ref idref="oc-4a"/>
      </symbol>
      <symbol id="sm-13f">
         <name>_modf</name>
         <value>0x46f4</value>
         <object_component_ref idref="oc-4e"/>
      </symbol>
      <symbol id="sm-149">
         <name>__mpyd</name>
         <value>0x404f</value>
         <object_component_ref idref="oc-53"/>
      </symbol>
      <symbol id="sm-153">
         <name>__negd</name>
         <value>0x51a7</value>
         <object_component_ref idref="oc-57"/>
      </symbol>
      <symbol id="sm-15d">
         <name>_printf</name>
         <value>0x4e70</value>
         <object_component_ref idref="oc-5b"/>
      </symbol>
      <symbol id="sm-169">
         <name>__nround</name>
         <value>0x4db5</value>
         <object_component_ref idref="oc-5f"/>
      </symbol>
      <symbol id="sm-17a">
         <name>_sin</name>
         <value>0x3b10</value>
         <object_component_ref idref="oc-64"/>
      </symbol>
      <symbol id="sm-187">
         <name>_sqrt</name>
         <value>0x419b</value>
         <object_component_ref idref="oc-6b"/>
      </symbol>
      <symbol id="sm-191">
         <name>__subd</name>
         <value>0x516e</value>
         <object_component_ref idref="oc-70"/>
      </symbol>
      <symbol id="sm-19d">
         <name>__trunc</name>
         <value>0x4feb</value>
         <object_component_ref idref="oc-74"/>
      </symbol>
      <symbol id="sm-1a7">
         <name>_Reset</name>
         <value>0xfe00</value>
         <object_component_ref idref="oc-13"/>
      </symbol>
      <symbol id="sm-1b5">
         <name>__unlock</name>
         <value>0xa6c0</value>
         <object_component_ref idref="oc-7e"/>
      </symbol>
      <symbol id="sm-1b6">
         <name>__lock</name>
         <value>0xa6bc</value>
         <object_component_ref idref="oc-7e"/>
      </symbol>
      <symbol id="sm-1b7">
         <name>__register_lock</name>
         <value>0x519d</value>
         <object_component_ref idref="oc-7d"/>
      </symbol>
      <symbol id="sm-1b8">
         <name>__nop</name>
         <value>0x51a5</value>
         <object_component_ref idref="oc-7d"/>
      </symbol>
      <symbol id="sm-1b9">
         <name>__register_unlock</name>
         <value>0x5195</value>
         <object_component_ref idref="oc-7d"/>
      </symbol>
      <symbol id="sm-1cb">
         <name>__printfi</name>
         <value>0x1662</value>
         <object_component_ref idref="oc-83"/>
      </symbol>
      <symbol id="sm-1d5">
         <name>__args_main</name>
         <value>0x4f0d</value>
         <object_component_ref idref="oc-89"/>
      </symbol>
      <symbol id="sm-1d6">
         <name>__TI_args_main</name>
         <value>0x1</value>
      </symbol>
      <symbol id="sm-1e0">
         <name>_atoi</name>
         <value>0x4e14</value>
         <object_component_ref idref="oc-8d"/>
      </symbol>
      <symbol id="sm-1e8">
         <name>_auto_init</name>
         <value>0x4ec0</value>
         <object_component_ref idref="oc-91"/>
      </symbol>
      <symbol id="sm-1f2">
         <name>__eqld</name>
         <value>0x3e60</value>
         <object_component_ref idref="oc-95"/>
      </symbol>
      <symbol id="sm-1f3">
         <name>__cmpd</name>
         <value>0x3e94</value>
         <object_component_ref idref="oc-95"/>
      </symbol>
      <symbol id="sm-1f4">
         <name>__neqd</name>
         <value>0x3d02</value>
         <object_component_ref idref="oc-95"/>
      </symbol>
      <symbol id="sm-1f5">
         <name>__gtrd</name>
         <value>0x3dcb</value>
         <object_component_ref idref="oc-95"/>
      </symbol>
      <symbol id="sm-1f6">
         <name>__geqd</name>
         <value>0x3e16</value>
         <object_component_ref idref="oc-95"/>
      </symbol>
      <symbol id="sm-1f7">
         <name>__leqd</name>
         <value>0x3d7e</value>
         <object_component_ref idref="oc-95"/>
      </symbol>
      <symbol id="sm-1f8">
         <name>__lssd</name>
         <value>0x3d36</value>
         <object_component_ref idref="oc-95"/>
      </symbol>
      <symbol id="sm-200">
         <name>__ctypes_</name>
         <value>0xa6cc</value>
         <object_component_ref idref="oc-11a"/>
      </symbol>
      <symbol id="sm-20a">
         <name>__tmpnams</name>
         <value>0xa2c8</value>
         <object_component_ref idref="oc-9b"/>
      </symbol>
      <symbol id="sm-20b">
         <name>__ft_end</name>
         <value>0xa408</value>
         <object_component_ref idref="oc-9b"/>
      </symbol>
      <symbol id="sm-20c">
         <name>__ftable</name>
         <value>0xa1d8</value>
         <object_component_ref idref="oc-9b"/>
      </symbol>
      <symbol id="sm-217">
         <name>__divul</name>
         <value>0x4913</value>
         <object_component_ref idref="oc-9f"/>
      </symbol>
      <symbol id="sm-221">
         <name>_errno</name>
         <value>0xa5aa</value>
         <object_component_ref idref="oc-a3"/>
      </symbol>
      <symbol id="sm-22b">
         <name>_putchar</name>
         <value>0x4904</value>
         <object_component_ref idref="oc-a7"/>
      </symbol>
      <symbol id="sm-22c">
         <name>_putc</name>
         <value>0x486d</value>
         <object_component_ref idref="oc-a7"/>
      </symbol>
      <symbol id="sm-22d">
         <name>_fputc</name>
         <value>0x486d</value>
         <object_component_ref idref="oc-a7"/>
      </symbol>
      <symbol id="sm-23b">
         <name>_puts</name>
         <value>0x4021</value>
         <object_component_ref idref="oc-ab"/>
      </symbol>
      <symbol id="sm-23c">
         <name>_fputs</name>
         <value>0x3eec</value>
         <object_component_ref idref="oc-ab"/>
      </symbol>
      <symbol id="sm-246">
         <name>__frcmpyd</name>
         <value>0x4aac</value>
         <object_component_ref idref="oc-b0"/>
      </symbol>
      <symbol id="sm-252">
         <name>_frexp</name>
         <value>0x4566</value>
         <object_component_ref idref="oc-b4"/>
      </symbol>
      <symbol id="sm-25c">
         <name>___isinf</name>
         <value>0x5154</value>
         <object_component_ref idref="oc-b9"/>
      </symbol>
      <symbol id="sm-268">
         <name>_ldexp</name>
         <value>0x42b1</value>
         <object_component_ref idref="oc-bd"/>
      </symbol>
      <symbol id="sm-272">
         <name>__divull</name>
         <value>0x3575</value>
         <object_component_ref idref="oc-c2"/>
      </symbol>
      <symbol id="sm-273">
         <name>__mpylli</name>
         <value>0x34bd</value>
         <object_component_ref idref="oc-c2"/>
      </symbol>
      <symbol id="sm-274">
         <name>__remlli</name>
         <value>0x348e</value>
         <object_component_ref idref="oc-c2"/>
      </symbol>
      <symbol id="sm-275">
         <name>__divlli</name>
         <value>0x3669</value>
         <object_component_ref idref="oc-c2"/>
      </symbol>
      <symbol id="sm-276">
         <name>__remull</name>
         <value>0x3440</value>
         <object_component_ref idref="oc-c2"/>
      </symbol>
      <symbol id="sm-288">
         <name>_add_device</name>
         <value>0x2328</value>
         <object_component_ref idref="oc-c6"/>
      </symbol>
      <symbol id="sm-289">
         <name>_rename</name>
         <value>0x204a</value>
         <object_component_ref idref="oc-c6"/>
      </symbol>
      <symbol id="sm-28a">
         <name>_read</name>
         <value>0x20d9</value>
         <object_component_ref idref="oc-c6"/>
      </symbol>
      <symbol id="sm-28b">
         <name>_unlink</name>
         <value>0x2017</value>
         <object_component_ref idref="oc-c6"/>
      </symbol>
      <symbol id="sm-28c">
         <name>_remove_device</name>
         <value>0x20a3</value>
         <object_component_ref idref="oc-c6"/>
      </symbol>
      <symbol id="sm-28d">
         <name>_open</name>
         <value>0x2187</value>
         <object_component_ref idref="oc-c6"/>
      </symbol>
      <symbol id="sm-28e">
         <name>_find_registered_device</name>
         <value>0x22ac</value>
         <object_component_ref idref="oc-c6"/>
      </symbol>
      <symbol id="sm-28f">
         <name>_lseek</name>
         <value>0x2246</value>
         <object_component_ref idref="oc-c6"/>
      </symbol>
      <symbol id="sm-290">
         <name>_close</name>
         <value>0x22b5</value>
         <object_component_ref idref="oc-c6"/>
      </symbol>
      <symbol id="sm-291">
         <name>_write</name>
         <value>0x1ed5</value>
         <object_component_ref idref="oc-c6"/>
      </symbol>
      <symbol id="sm-29b">
         <name>_ltoa</name>
         <value>0x49b4</value>
         <object_component_ref idref="oc-cc"/>
      </symbol>
      <symbol id="sm-2a6">
         <name>_memccpy</name>
         <value>0x5131</value>
         <object_component_ref idref="oc-d0"/>
      </symbol>
      <symbol id="sm-2ae">
         <name>_memcpy</name>
         <value>0x502c</value>
         <object_component_ref idref="oc-d4"/>
      </symbol>
      <symbol id="sm-2b8">
         <name>__remli</name>
         <value>0x4f58</value>
         <object_component_ref idref="oc-d8"/>
      </symbol>
      <symbol id="sm-2c3">
         <name>__remul</name>
         <value>0x4b95</value>
         <object_component_ref idref="oc-dc"/>
      </symbol>
      <symbol id="sm-2cf">
         <name>_HOSTopen</name>
         <value>0x2723</value>
         <object_component_ref idref="oc-e0"/>
      </symbol>
      <symbol id="sm-2d0">
         <name>_HOSTread</name>
         <value>0x2696</value>
         <object_component_ref idref="oc-e0"/>
      </symbol>
      <symbol id="sm-2d1">
         <name>_HOSTtime</name>
         <value>0x258a</value>
         <object_component_ref idref="oc-e0"/>
      </symbol>
      <symbol id="sm-2d2">
         <name>_getenv</name>
         <value>0x2418</value>
         <object_component_ref idref="oc-e0"/>
      </symbol>
      <symbol id="sm-2d3">
         <name>_HOSTrename</name>
         <value>0x25e8</value>
         <object_component_ref idref="oc-e0"/>
      </symbol>
      <symbol id="sm-2d4">
         <name>_HOSTclock</name>
         <value>0x28e2</value>
         <object_component_ref idref="oc-e0"/>
      </symbol>
      <symbol id="sm-2d5">
         <name>_HOSTwrite</name>
         <value>0x2493</value>
         <object_component_ref idref="oc-e0"/>
      </symbol>
      <symbol id="sm-2d6">
         <name>_HOSTlseek</name>
         <value>0x27c2</value>
         <object_component_ref idref="oc-e0"/>
      </symbol>
      <symbol id="sm-2d7">
         <name>_HOSTunlink</name>
         <value>0x2520</value>
         <object_component_ref idref="oc-e0"/>
      </symbol>
      <symbol id="sm-2d8">
         <name>_HOSTclose</name>
         <value>0x2877</value>
         <object_component_ref idref="oc-e0"/>
      </symbol>
      <symbol id="sm-2ea">
         <name>C$$IO$$</name>
         <value>0x4868</value>
         <object_component_ref idref="oc-e8"/>
      </symbol>
      <symbol id="sm-2eb">
         <name>__CIOBUF_</name>
         <value>0xaa18</value>
         <object_component_ref idref="oc-e7"/>
      </symbol>
      <symbol id="sm-2ec">
         <name>_readmsg</name>
         <value>0x4c76</value>
         <object_component_ref idref="oc-e5"/>
      </symbol>
      <symbol id="sm-2ed">
         <name>_writemsg</name>
         <value>0x47b3</value>
         <object_component_ref idref="oc-e8"/>
      </symbol>
      <symbol id="sm-2f5">
         <name>__remu</name>
         <value>0x511c</value>
         <object_component_ref idref="oc-eb"/>
      </symbol>
      <symbol id="sm-2f6">
         <name>__divu</name>
         <value>0x5107</value>
         <object_component_ref idref="oc-eb"/>
      </symbol>
      <symbol id="sm-2f7">
         <name>I$$UMOD</name>
         <value>0x511c</value>
         <object_component_ref idref="oc-eb"/>
      </symbol>
      <symbol id="sm-2f8">
         <name>I$$UDIV</name>
         <value>0x5107</value>
         <object_component_ref idref="oc-eb"/>
      </symbol>
      <symbol id="sm-302">
         <name>__rd_ok</name>
         <value>0x4509</value>
         <object_component_ref idref="oc-ef"/>
      </symbol>
      <symbol id="sm-303">
         <name>__wrt_ok</name>
         <value>0x4489</value>
         <object_component_ref idref="oc-ef"/>
      </symbol>
      <symbol id="sm-30d">
         <name>__divli</name>
         <value>0x4fa3</value>
         <object_component_ref idref="oc-f3"/>
      </symbol>
      <symbol id="sm-317">
         <name>__doflush</name>
         <value>0x4632</value>
         <object_component_ref idref="oc-f7"/>
      </symbol>
      <symbol id="sm-318">
         <name>_fflush</name>
         <value>0x469b</value>
         <object_component_ref idref="oc-f7"/>
      </symbol>
      <symbol id="sm-322">
         <name>_fseek</name>
         <value>0x4ce3</value>
         <object_component_ref idref="oc-fb"/>
      </symbol>
      <symbol id="sm-32c">
         <name>_setvbuf</name>
         <value>0x43a3</value>
         <object_component_ref idref="oc-ff"/>
      </symbol>
      <symbol id="sm-33b">
         <name>__cleanup</name>
         <value>0x32e2</value>
         <object_component_ref idref="oc-103"/>
      </symbol>
      <symbol id="sm-33c">
         <name>_fopen</name>
         <value>0x3405</value>
         <object_component_ref idref="oc-103"/>
      </symbol>
      <symbol id="sm-33d">
         <name>_freopen</name>
         <value>0x333c</value>
         <object_component_ref idref="oc-103"/>
      </symbol>
      <symbol id="sm-34d">
         <name>__sys_memory</name>
         <value>0x71d8</value>
         <object_component_ref idref="oc-10d"/>
      </symbol>
      <symbol id="sm-34e">
         <name>_chkheap</name>
         <value>0x2dc7</value>
         <object_component_ref idref="oc-109"/>
      </symbol>
      <symbol id="sm-34f">
         <name>_realloc</name>
         <value>0x2b66</value>
         <object_component_ref idref="oc-109"/>
      </symbol>
      <symbol id="sm-350">
         <name>_free_memory</name>
         <value>0x2d71</value>
         <object_component_ref idref="oc-109"/>
      </symbol>
      <symbol id="sm-351">
         <name>_max_free</name>
         <value>0x2d17</value>
         <object_component_ref idref="oc-109"/>
      </symbol>
      <symbol id="sm-352">
         <name>_free</name>
         <value>0x2940</value>
         <object_component_ref idref="oc-109"/>
      </symbol>
      <symbol id="sm-353">
         <name>_calloc</name>
         <value>0x2dcf</value>
         <object_component_ref idref="oc-109"/>
      </symbol>
      <symbol id="sm-354">
         <name>_malloc</name>
         <value>0x2a71</value>
         <object_component_ref idref="oc-109"/>
      </symbol>
      <symbol id="sm-355">
         <name>_minit</name>
         <value>0x2a0c</value>
         <object_component_ref idref="oc-109"/>
      </symbol>
      <symbol id="sm-35f">
         <name>_fclose</name>
         <value>0x4a31</value>
         <object_component_ref idref="oc-110"/>
      </symbol>
      <symbol id="sm-369">
         <name>_remove</name>
         <value>0x51c3</value>
         <object_component_ref idref="oc-114"/>
      </symbol>
   </symbol_table>
</link_info>
