******************************************************************************
              TMS320C55x Linker PC v4.4.1                      
******************************************************************************
>> Linked Tue Jun 19 21:36:51 2018

OUTPUT FILE NAME:   <dftlab3.out>
ENTRY POINT SYMBOL: "_c_int00"  address: 00006972


MEMORY CONFIGURATION

         name            origin    length      used     unused   attr    fill
                        (bytes)   (bytes)    (bytes)   (bytes)
----------------------  --------  ---------  --------  --------  ----  --------
  MMR                   00000000   000000c0  00000000  000000c0  RWIX
  DARAM0                000000c0   00001f40  00000aac  00001494  RWIX
  DARAM1                00002000   00002000  00001ffe  00000002  RWIX
  DARAM2                00004000   00002000  00002000  00000000  RWIX
  DARAM3                00006000   00002000  00000a9e  00001562  RWIX
  DARAM4                00008000   00002000  00000400  00001c00  RWIX
  DARAM5                0000a000   00002000  000004f4  00001b0c  RWIX
  DARAM6                0000c000   00002000  00000000  00002000  RWIX
  DARAM7                0000e000   00002000  00000000  00002000  RWIX
  CE0                   00010000   003f0000  00000000  003f0000  RWIX
  CE1                   00400000   00400000  00000000  00400000  RWIX
  CE2                   00800000   00400000  00000000  00400000  RWIX
  CE3                   00c00000   003f8000  00000000  003f8000  RWIX
  ROM                   00ff8000   00007f00  00000000  00007f00  RWIX
  VECS                  00ffff00   00000100  00000100  00000000  RWIX


SECTION ALLOCATION MAP
(Addresses surrounded by []'s are displayed for convenience only!)

output                                                          attributes/
section   page  orgn(bytes) orgn(words) len(bytes) len(words)   input sections
--------  ----  ----------- ----------- ---------- ----------   --------------
.const       0   [ 000000c0 ]  00000060          *   000001a8   
                 [ 000000c0 ]  00000060          *   00000101   rts55x.lib : ctype.obj (.const:__ctypes_)
                 [ 000002c2 ]  00000161          *   00000001   --HOLE-- [fill = 0]
                 [ 000002c4 ]  00000162          *   00000024              : _printfi.obj (.const:.string)
                 [ 0000030c ]  00000186          *   00000016              : cos.obj (.const)
                 [ 00000338 ]  0000019c          *   00000014              : sin.obj (.const)
                 [ 00000360 ]  000001b0          *   0000000c              : _printfi.obj (.const)
                 [ 00000378 ]  000001bc          *   0000000a              : ldexp.obj (.const)
                 [ 0000038c ]  000001c6          *   0000000a              : sqrt.obj (.const)
                 [ 000003a0 ]  000001d0          *   00000008              : divd.obj (.const:_initial_approx$1)
                 [ 000003b0 ]  000001d8          *   00000008              : frexp.obj (.const)
                 [ 000003c0 ]  000001e0          *   00000008              : round.obj (.const)
                 [ 000003d0 ]  000001e8          *   00000007   main.obj (.const:.string)
                 [ 000003de ]  000001ef          *   00000001   --HOLE-- [fill = 0]
                 [ 000003e0 ]  000001f0          *   00000006   main.obj (.const)
                 [ 000003ec ]  000001f6          *   00000006   rts55x.lib : modf.obj (.const)
                 [ 000003f8 ]  000001fc          *   00000004   main.obj (.const:_$P$T0$1)
                 [ 00000400 ]  00000200          *   00000004   rts55x.lib : trunc.obj (.const)
                 [ 00000408 ]  00000204          *   00000002              : fputs.obj (.const:.string)
                 [ 0000040c ]  00000206          *   00000002              : fltlid.obj (.const)

.cio         0   [ 00000410 ]  00000208          *   00000120   UNINITIALIZED
                 [ 00000410 ]  00000208          *   00000120   rts55x.lib : trgmsg.obj (.cio)

.stack       0   [ 00000650 ]  00000328          *   00000100   UNINITIALIZED
                 [ 00000650 ]  00000328          *   00000100   --HOLE--

.sysstack 
*            0   [ 00000850 ]  00000428          *   00000100   UNINITIALIZED
                 [ 00000850 ]  00000428          *   00000100   --HOLE--

.cinit       0   [ 00000a50 ]  00000528          *   0000008e   
                 [ 00000a50 ]  00000528          *   0000002d   rts55x.lib : lowlev.obj (.cinit)
                 [ 00000aaa ]  00000555          *   0000002a              : defs.obj (.cinit)
                 [ 00000afe ]  0000057f          *   0000000b              : cos.obj (.cinit)
                 [ 00000b14 ]  0000058a          *   0000000b              : sin.obj (.cinit)
                 [ 00000b2a ]  00000595          *   0000000a              : _lock.obj (.cinit)
                 [ 00000b3e ]  0000059f          *   0000000a              : exit.obj (.cinit)
                 [ 00000b52 ]  000005a9          *   00000004              : errno.obj (.cinit)
                 [ 00000b5a ]  000005ad          *   00000004              : fopen.obj (.cinit)
                 [ 00000b62 ]  000005b1          *   00000004              : memory.obj (.cinit)
                 [ 00000b6a ]  000005b5          *   00000001   --HOLE-- [fill = 0]

.text.1      0     00002000  [ 00001000 ] 00001ffe          *   
                   00002000  [ 00001000 ] 000015a4          *   rts55x.lib : _printfi.obj (.text)
                   000035a4  [ 00001ad2 ] 00000543          *              : lowlev.obj (.text)
                   00003ae7  [ 00001d73+] 000004b5          *              : memory.obj (.text)
                   00003f9c  [ 00001fce ] 0000005f          *              : round.obj (.text)
                   00003ffb  [ 00001ffd+] 00000002          *              : vectors.obj (.text)
                   00003ffd  [ 00001ffe ] 00000001          *   --HOLE-- [fill = 20]

.text.2      0     00004000  [ 00002000 ] 00002000          *   
                   00004000  [ 00002000 ] 00000528          *   rts55x.lib : trgdrv.obj (.text)
                   00004528  [ 00002294 ] 000003cc          *              : divd.obj (.text)
                   000048f4  [ 0000247a ] 0000027f          *              : fopen.obj (.text)
                   00004b73  [ 000025b9+] 0000025e          *              : llmpy.obj (.text)
                   00004dd1  [ 000026e8+] 0000025a          *              : addd.obj (.text)
                   0000502b  [ 00002815+] 00000218          *              : cos.obj (.text)
                   00005243  [ 00002921+] 000001f4          *   main.obj (.text)
                   00005437  [ 00002a1b+] 000001f2          *   rts55x.lib : sin.obj (.text)
                   00005629  [ 00002b14+] 000001ea          *              : cmpd.obj (.text)
                   00005813  [ 00002c09+] 00000163          *              : fputs.obj (.text)
                   00005976  [ 00002cbb ] 0000014c          *              : mpyd.obj (.text)
                   00005ac2  [ 00002d61 ] 00000116          *              : sqrt.obj (.text)
                   00005bd8  [ 00002dec ] 000000f2          *              : ldexp.obj (.text)
                   00005cca  [ 00002e65 ] 000000e6          *              : setvbuf.obj (.text)
                   00005db0  [ 00002ed8 ] 000000dd          *              : _io_perm.obj (.text)
                   00005e8d  [ 00002f46+] 000000cc          *              : frexp.obj (.text)
                   00005f59  [ 00002fac+] 000000a6          *              : fputc.obj (.text)
                   00005fff  [ 00002fff ] 00000001          *   --HOLE-- [fill = 20]

.text.3      0     00006000  [ 00003000 ] 00000a9e          *   
                   00006000  [ 00003000 ] 000000c2          *   rts55x.lib : fflush.obj (.text)
                   000060c2  [ 00003061 ] 000000bf          *              : modf.obj (.text)
                   00006181  [ 000030c0+] 000000ba          *              : trgmsg.obj (.text:CIO_breakpoint)
                   0000623b  [ 0000311d+] 000000a1          *              : divul.obj (.text)
                   000062dc  [ 0000316e ] 0000007d          *              : ltoa.obj (.text)
                   00006359  [ 000031ac+] 0000007b          *              : fclose.obj (.text)
                   000063d4  [ 000031ea ] 00000076          *              : frcmpyd.obj (.text)
                   0000644a  [ 00003225 ] 00000073          *              : frcmpyd_div.obj (.text)
                   000064bd  [ 0000325e+] 00000072          *              : remul.obj (.text)
                   0000652f  [ 00003297+] 0000006f          *              : fixdli.obj (.text)
                   0000659e  [ 000032cf ] 0000006d          *              : trgmsg.obj (.text)
                   0000660b  [ 00003305+] 0000006b          *              : fseek.obj (.text)
                   00006676  [ 0000333b ] 00000067          *              : fltlid.obj (.text)
                   000066dd  [ 0000336e+] 0000005c          *              : atoi.obj (.text)
                   00006739  [ 0000339c+] 00000050          *              : printf.obj (.text)
                   00006789  [ 000033c4+] 0000004d          *              : autoinit.obj (.text)
                   000067d6  [ 000033eb ] 0000004b          *              : args_main.obj (.text)
                   00006821  [ 00003410+] 0000004b          *              : remli.obj (.text)
                   0000686c  [ 00003436 ] 00000048          *              : divli.obj (.text)
                   000068b4  [ 0000345a ] 00000041          *              : trunc.obj (.text)
                   000068f5  [ 0000347a+] 0000003f          *              : memcpy.obj (.text)
                   00006934  [ 0000349a ] 0000003e          *              : exit.obj (.text)
                   00006972  [ 000034b9 ] 00000034          *              : boot.obj (.text)
                   000069a6  [ 000034d3 ] 0000002a          *              : fixdi.obj (.text)
                   000069d0  [ 000034e8 ] 0000002a          *              : udiv.obj (.text)
                   000069fa  [ 000034fd ] 00000023          *              : memccpy.obj (.text)
                   00006a1d  [ 0000350e+] 0000001a          *              : isinf.obj (.text)
                   00006a37  [ 0000351b+] 00000014          *              : subd.obj (.text)
                   00006a4b  [ 00003525+] 00000013          *              : lmpy.obj (.text)
                   00006a5e  [ 0000352f ] 00000012          *              : _lock.obj (.text)
                   00006a70  [ 00003538 ] 00000010          *              : negd.obj (.text)
                   00006a80  [ 00003540 ] 0000000c          *              : fltid.obj (.text)
                   00006a8c  [ 00003546 ] 0000000a          *              : remove.obj (.text)
                   00006a96  [ 0000354b ] 00000007          *              : exit.obj (.text:CIO_breakpoint)
                   00006a9d  [ 0000354e ] 00000001          *   --HOLE-- [fill = 20]

.sysmem      0   [ 00008000 ]  00004000          *   00000200   UNINITIALIZED
                 [ 00008000 ]  00004000          *   00000200   --HOLE--

.data        0   [ 00008000 ]  00004000          *   00000000   UNINITIALIZED

.bss         0   [ 0000a000 ]  00005000          *   0000027a   UNINITIALIZED
                 [ 0000a000 ]  00005000          *   00000119   rts55x.lib : defs.obj (.bss)
                 [ 0000a232 ]  00005119          *   000000d0              : trgdrv.obj (.bss)
                 [ 0000a3d2 ]  000051e9          *   00000001              : errno.obj (.bss)
                 [ 0000a3d4 ]  000051ea          *   00000071              : lowlev.obj (.bss)
                 [ 0000a4b6 ]  0000525b          *   00000001              : fopen.obj (.bss)
                 [ 0000a4b8 ]  0000525c          *   00000008              : cos.obj (.bss)
                 [ 0000a4c8 ]  00005264          *   00000008              : sin.obj (.bss)
                 [ 0000a4d8 ]  0000526c          *   00000006              : memory.obj (.bss)
                 [ 0000a4e4 ]  00005272          *   00000004              : _lock.obj (.bss)
                 [ 0000a4ec ]  00005276          *   00000004              : exit.obj (.bss)

vectors      0     00ffff00  [ 007fff80 ] 00000100          *   NOLOAD SECTION
                   00ffff00  [ 007fff80 ] 00000100          *   rts55x.lib : vectors.obj (vectors)


GLOBAL SYMBOLS: SORTED ALPHABETICALLY BY Name 

abs. value/
byte addr   word addr   name
---------   ---------   ----
00000002                $TI_capability$C5500$CallingConvention
00000002                $TI_capability$C5500$MemoryModel
00000001                $TI_capability_requires_rev2
            00005000    .bss
            00004000    .data
ffffffff                .text
00006a97                C$$EXIT
00006236                C$$IO$$
00006a4b                I$$LMPY
000069d0                I$$UDIV
000069e5                I$$UMOD
000044ca                _HOSTclock
0000445f                _HOSTclose
000043aa                _HOSTlseek
0000430b                _HOSTopen
0000427e                _HOSTread
000041d0                _HOSTrename
00004172                _HOSTtime
00004108                _HOSTunlink
0000407b                _HOSTwrite
00ffff00                _Reset
            00000208    __CIOBUF_
            00000428    __STACK_END
00000200                __STACK_SIZE
00000400                __SYSMEM_SIZE
00000200                __SYSSTACK_SIZE
00000001                __TI_args_main
ffffffff                ___binit__
            00005000    ___bss__
ffffffff                ___c_args__
            00000528    ___cinit__
            00004000    ___data__
            00004000    ___edata__
            0000527a    ___end__
ffffffff                ___etext__
00006a1d                ___isinf
ffffffff                ___pinit__
ffffffff                ___text__
00004dd1                __addd
000067d6                __args_main
00004a15                __cleanup
            00005276    __cleanup_ptr
000057bb                __cmpd
            00000060    __ctypes_
00004528                __divd
0000686c                __divli
00004d9c                __divlli
000069d0                __divu
0000623b                __divul
00004ca8                __divull
00006000                __doflush
            00005278    __dtors_ptr
00005787                __eqld
000069a6                __fixdi
0000652f                __fixdli
00006a80                __fltid
00006676                __fltlid
000063d4                __frcmpyd
0000644a                __frcmpyd_div
            00005118    __ft_end
            00005000    __ftable
0000573d                __geqd
000056f2                __gtrd
000056a5                __leqd
            00005272    __lock
0000565d                __lssd
00005976                __mpyd
00006a4b                __mpyli
00004bf0                __mpylli
00006a70                __negd
00005629                __neqd
00006a6e                __nop
00003f9c                __nround
00003362                __printfi
00005e30                __rd_ok
00006a66                __register_lock
00006a5e                __register_unlock
00006821                __remli
00004bc1                __remlli
000069e5                __remu
000064bd                __remul
00004b73                __remull
            00000328    __stack
00006a37                __subd
            00004000    __sys_memory
            00000428    __sysstack
            00005078    __tmpnams
000068b4                __trunc
            00005274    __unlock
00005db0                __wrt_ok
00006a96                _abort
000053ab                _absComplex
000039f7                _add_device
000066dd                _atoi
00006789                _auto_init
00006972                _c_int00
00003f76                _calloc
00003f6e                _chkheap
00003984                _close
0000502b                _cos
00005243                _dft
            000051e9    _errno
00006934                _exit
00006359                _fclose
00006069                _fflush
0000397b                _find_registered_device
00004b38                _fopen
00005f59                _fputc
00005813                _fputs
00003ae7                _free
00003f18                _free_memory
00004a6f                _freopen
00005e8d                _frexp
0000660b                _fseek
00004000                _getenv
00005bd8                _ldexp
00003915                _lseek
000062dc                _ltoa
000053e4                _main
00003c18                _malloc
00003ebe                _max_free
000069fa                _memccpy
000068f5                _memcpy
00003bb3                _minit
000060c2                _modf
00003856                _open
00006739                _printf
00005f59                _putc
00005ff0                _putchar
00005948                _puts
000037a8                _read
0000659e                _readmsg
00003d0d                _realloc
00006a8c                _remove
00003772                _remove_device
00003719                _rename
00005cca                _setvbuf
00005437                _sin
00005ac2                _sqrt
000036e6                _unlink
000035a4                _write
00006181                _writemsg
ffffffff                binit
            00000528    cinit
            00004000    edata
            0000527a    end
ffffffff                etext
ffffffff                pinit


GLOBAL SYMBOLS: SORTED BY Symbol Address 

abs. value/
byte addr   word addr   name
---------   ---------   ----
00000001                $TI_capability_requires_rev2
00000001                __TI_args_main
00000002                $TI_capability$C5500$CallingConvention
00000002                $TI_capability$C5500$MemoryModel
            00000060    __ctypes_
00000200                __STACK_SIZE
00000200                __SYSSTACK_SIZE
00000400                __SYSMEM_SIZE
            00000208    __CIOBUF_
            00000328    __stack
            00000428    __STACK_END
            00000428    __sysstack
            00000528    ___cinit__
            00000528    cinit
00003362                __printfi
000035a4                _write
000036e6                _unlink
00003719                _rename
00003772                _remove_device
000037a8                _read
00003856                _open
00003915                _lseek
0000397b                _find_registered_device
00003984                _close
000039f7                _add_device
00003ae7                _free
00003bb3                _minit
00003c18                _malloc
00003d0d                _realloc
00003ebe                _max_free
00003f18                _free_memory
00003f6e                _chkheap
00003f76                _calloc
00003f9c                __nround
00004000                _getenv
0000407b                _HOSTwrite
00004108                _HOSTunlink
00004172                _HOSTtime
000041d0                _HOSTrename
0000427e                _HOSTread
0000430b                _HOSTopen
000043aa                _HOSTlseek
0000445f                _HOSTclose
000044ca                _HOSTclock
00004528                __divd
00004a15                __cleanup
00004a6f                _freopen
00004b38                _fopen
00004b73                __remull
00004bc1                __remlli
00004bf0                __mpylli
00004ca8                __divull
00004d9c                __divlli
00004dd1                __addd
0000502b                _cos
00005243                _dft
000053ab                _absComplex
000053e4                _main
00005437                _sin
00005629                __neqd
0000565d                __lssd
000056a5                __leqd
000056f2                __gtrd
0000573d                __geqd
00005787                __eqld
000057bb                __cmpd
00005813                _fputs
00005948                _puts
00005976                __mpyd
00005ac2                _sqrt
00005bd8                _ldexp
00005cca                _setvbuf
00005db0                __wrt_ok
00005e30                __rd_ok
00005e8d                _frexp
00005f59                _fputc
00005f59                _putc
00005ff0                _putchar
00006000                __doflush
00006069                _fflush
000060c2                _modf
00006181                _writemsg
00006236                C$$IO$$
0000623b                __divul
000062dc                _ltoa
00006359                _fclose
000063d4                __frcmpyd
0000644a                __frcmpyd_div
000064bd                __remul
0000652f                __fixdli
0000659e                _readmsg
0000660b                _fseek
00006676                __fltlid
000066dd                _atoi
00006739                _printf
00006789                _auto_init
000067d6                __args_main
00006821                __remli
0000686c                __divli
000068b4                __trunc
000068f5                _memcpy
00006934                _exit
00006972                _c_int00
000069a6                __fixdi
000069d0                I$$UDIV
000069d0                __divu
000069e5                I$$UMOD
000069e5                __remu
000069fa                _memccpy
00006a1d                ___isinf
00006a37                __subd
00006a4b                I$$LMPY
00006a4b                __mpyli
00006a5e                __register_unlock
00006a66                __register_lock
00006a6e                __nop
00006a70                __negd
00006a80                __fltid
00006a8c                _remove
00006a96                _abort
00006a97                C$$EXIT
            00004000    .data
            00004000    ___data__
            00004000    ___edata__
            00004000    __sys_memory
            00004000    edata
            00005000    .bss
            00005000    ___bss__
            00005000    __ftable
            00005078    __tmpnams
            00005118    __ft_end
            000051e9    _errno
            00005272    __lock
            00005274    __unlock
            00005276    __cleanup_ptr
            00005278    __dtors_ptr
            0000527a    ___end__
            0000527a    end
00ffff00                _Reset
ffffffff                .text
ffffffff                ___binit__
ffffffff                ___c_args__
ffffffff                ___etext__
ffffffff                ___pinit__
ffffffff                ___text__
ffffffff                binit
ffffffff                etext
ffffffff                pinit

[148 symbols]
